../Core/Src/main.c:142:6:USB_print	8	static
../Core/Src/main.c:146:6:delayWhile	16	static
../Core/Src/main.c:154:6:blink	16	static,ignoring_inline_asm
../Core/Src/main.c:164:6:HAL_ADC_ConvHalfCpltCallback	8	static
../Core/Src/main.c:171:6:HAL_ADC_ConvCpltCallback	8	static
../Core/Src/main.c:179:6:littleToBigFor	4	static
../Core/Src/main.c:194:6:detectOnChannel	24	static
../Core/Src/main.c:206:6:processPPS	24	static
../Core/Src/main.c:230:6:freshBlockCallback	8	static,ignoring_inline_asm
../Core/Src/main.c:285:5:openNextFile	624	static
../Core/Src/main.c:469:6:SystemClock_Config	88	static,ignoring_inline_asm
../Core/Src/main.c:317:5:main	1200	static,ignoring_inline_asm
../Core/Src/main.c:702:6:Error_Handler	0	static,ignoring_inline_asm
