Archive member included to satisfy reference by file (symbol)

/home/liam/st/stm32cubeide_1.10.0/plugins/com.st.stm32cube.ide.mcu.externaltools.gnu-tools-for-stm32.10.3-2021.10.linux64_1.0.0.202111181127/tools/bin/../lib/gcc/arm-none-eabi/10.3.1/../../../../arm-none-eabi/lib/thumb/v7e-m+fp/hard/libc_nano.a(lib_a-errno.o)
                              ./Core/Src/syscalls.o (__errno)
/home/liam/st/stm32cubeide_1.10.0/plugins/com.st.stm32cube.ide.mcu.externaltools.gnu-tools-for-stm32.10.3-2021.10.linux64_1.0.0.202111181127/tools/bin/../lib/gcc/arm-none-eabi/10.3.1/../../../../arm-none-eabi/lib/thumb/v7e-m+fp/hard/libc_nano.a(lib_a-exit.o)
                              /home/liam/st/stm32cubeide_1.10.0/plugins/com.st.stm32cube.ide.mcu.externaltools.gnu-tools-for-stm32.10.3-2021.10.linux64_1.0.0.202111181127/tools/bin/../lib/gcc/arm-none-eabi/10.3.1/../../../../arm-none-eabi/lib/thumb/v7e-m+fp/hard/crt0.o (exit)
/home/liam/st/stm32cubeide_1.10.0/plugins/com.st.stm32cube.ide.mcu.externaltools.gnu-tools-for-stm32.10.3-2021.10.linux64_1.0.0.202111181127/tools/bin/../lib/gcc/arm-none-eabi/10.3.1/../../../../arm-none-eabi/lib/thumb/v7e-m+fp/hard/libc_nano.a(lib_a-impure.o)
                              /home/liam/st/stm32cubeide_1.10.0/plugins/com.st.stm32cube.ide.mcu.externaltools.gnu-tools-for-stm32.10.3-2021.10.linux64_1.0.0.202111181127/tools/bin/../lib/gcc/arm-none-eabi/10.3.1/../../../../arm-none-eabi/lib/thumb/v7e-m+fp/hard/libc_nano.a(lib_a-exit.o) (_global_impure_ptr)
/home/liam/st/stm32cubeide_1.10.0/plugins/com.st.stm32cube.ide.mcu.externaltools.gnu-tools-for-stm32.10.3-2021.10.linux64_1.0.0.202111181127/tools/bin/../lib/gcc/arm-none-eabi/10.3.1/../../../../arm-none-eabi/lib/thumb/v7e-m+fp/hard/libc_nano.a(lib_a-init.o)
                              /home/liam/st/stm32cubeide_1.10.0/plugins/com.st.stm32cube.ide.mcu.externaltools.gnu-tools-for-stm32.10.3-2021.10.linux64_1.0.0.202111181127/tools/bin/../lib/gcc/arm-none-eabi/10.3.1/../../../../arm-none-eabi/lib/thumb/v7e-m+fp/hard/crt0.o (__libc_init_array)
/home/liam/st/stm32cubeide_1.10.0/plugins/com.st.stm32cube.ide.mcu.externaltools.gnu-tools-for-stm32.10.3-2021.10.linux64_1.0.0.202111181127/tools/bin/../lib/gcc/arm-none-eabi/10.3.1/../../../../arm-none-eabi/lib/thumb/v7e-m+fp/hard/libc_nano.a(lib_a-memcpy-stub.o)
                              ./Core/Src/main.o (memcpy)
/home/liam/st/stm32cubeide_1.10.0/plugins/com.st.stm32cube.ide.mcu.externaltools.gnu-tools-for-stm32.10.3-2021.10.linux64_1.0.0.202111181127/tools/bin/../lib/gcc/arm-none-eabi/10.3.1/../../../../arm-none-eabi/lib/thumb/v7e-m+fp/hard/libc_nano.a(lib_a-memset.o)
                              /home/liam/st/stm32cubeide_1.10.0/plugins/com.st.stm32cube.ide.mcu.externaltools.gnu-tools-for-stm32.10.3-2021.10.linux64_1.0.0.202111181127/tools/bin/../lib/gcc/arm-none-eabi/10.3.1/../../../../arm-none-eabi/lib/thumb/v7e-m+fp/hard/crt0.o (memset)
/home/liam/st/stm32cubeide_1.10.0/plugins/com.st.stm32cube.ide.mcu.externaltools.gnu-tools-for-stm32.10.3-2021.10.linux64_1.0.0.202111181127/tools/bin/../lib/gcc/arm-none-eabi/10.3.1/../../../../arm-none-eabi/lib/thumb/v7e-m+fp/hard/libc_nano.a(lib_a-sprintf.o)
                              ./Core/Src/main.o (sprintf)
/home/liam/st/stm32cubeide_1.10.0/plugins/com.st.stm32cube.ide.mcu.externaltools.gnu-tools-for-stm32.10.3-2021.10.linux64_1.0.0.202111181127/tools/bin/../lib/gcc/arm-none-eabi/10.3.1/../../../../arm-none-eabi/lib/thumb/v7e-m+fp/hard/libc_nano.a(lib_a-strlen.o)
                              ./Core/Src/main.o (strlen)
/home/liam/st/stm32cubeide_1.10.0/plugins/com.st.stm32cube.ide.mcu.externaltools.gnu-tools-for-stm32.10.3-2021.10.linux64_1.0.0.202111181127/tools/bin/../lib/gcc/arm-none-eabi/10.3.1/../../../../arm-none-eabi/lib/thumb/v7e-m+fp/hard/libc_nano.a(lib_a-nano-svfprintf.o)
                              /home/liam/st/stm32cubeide_1.10.0/plugins/com.st.stm32cube.ide.mcu.externaltools.gnu-tools-for-stm32.10.3-2021.10.linux64_1.0.0.202111181127/tools/bin/../lib/gcc/arm-none-eabi/10.3.1/../../../../arm-none-eabi/lib/thumb/v7e-m+fp/hard/libc_nano.a(lib_a-sprintf.o) (_svfprintf_r)
/home/liam/st/stm32cubeide_1.10.0/plugins/com.st.stm32cube.ide.mcu.externaltools.gnu-tools-for-stm32.10.3-2021.10.linux64_1.0.0.202111181127/tools/bin/../lib/gcc/arm-none-eabi/10.3.1/../../../../arm-none-eabi/lib/thumb/v7e-m+fp/hard/libc_nano.a(lib_a-nano-vfprintf_i.o)
                              /home/liam/st/stm32cubeide_1.10.0/plugins/com.st.stm32cube.ide.mcu.externaltools.gnu-tools-for-stm32.10.3-2021.10.linux64_1.0.0.202111181127/tools/bin/../lib/gcc/arm-none-eabi/10.3.1/../../../../arm-none-eabi/lib/thumb/v7e-m+fp/hard/libc_nano.a(lib_a-nano-svfprintf.o) (_printf_i)
/home/liam/st/stm32cubeide_1.10.0/plugins/com.st.stm32cube.ide.mcu.externaltools.gnu-tools-for-stm32.10.3-2021.10.linux64_1.0.0.202111181127/tools/bin/../lib/gcc/arm-none-eabi/10.3.1/../../../../arm-none-eabi/lib/thumb/v7e-m+fp/hard/libc_nano.a(lib_a-memchr.o)
[...]
Memory Configuration

Name             Origin             Length             Attributes
CCMRAM           0x0000000010000000 0x0000000000010000 xrw
RAM              0x0000000020000000 0x0000000000020000 xrw
FLASH            0x0000000008000000 0x0000000000100000 xr
*default*        0x0000000000000000 0xffffffffffffffff

Linker script and memory map

LOAD /home/liam/st/stm32cubeide_1.10.0/plugins/com.st.stm32cube.ide.mcu.externaltools.gnu-tools-for-stm32.10.3-2021.10.linux64_1.0.0.202111181127/tools/bin/../lib/gcc/arm-none-eabi/10.3.1/thumb/v7e-m+fp/hard/crti.o
LOAD /home/liam/st/stm32cubeide_1.10.0/plugins/com.st.stm32cube.ide.mcu.externaltools.gnu-tools-for-stm32.10.3-2021.10.linux64_1.0.0.202111181127/tools/bin/../lib/gcc/arm-none-eabi/10.3.1/thumb/v7e-m+fp/hard/crtbegin.o
LOAD /home/liam/st/stm32cubeide_1.10.0/plugins/com.st.stm32cube.ide.mcu.externaltools.gnu-tools-for-stm32.10.3-2021.10.linux64_1.0.0.202111181127/tools/bin/../lib/gcc/arm-none-eabi/10.3.1/../../../../arm-none-eabi/lib/thumb/v7e-m+fp/hard/crt0.o
LOAD ./Core/Src/OnePole.o
LOAD ./Core/Src/main.o
LOAD ./Core/Src/stm32f4xx_hal_msp.o
LOAD ./Core/Src/stm32f4xx_it.o
LOAD ./Core/Src/syscalls.o
LOAD ./Core/Src/sysmem.o
LOAD ./Core/Src/system_stm32f4xx.o
LOAD ./Core/Startup/startup_stm32f405rgtx.o
LOAD ./Drivers/STM32F4xx_HAL_Driver/Src/stm32f4xx_hal.o
LOAD ./Drivers/STM32F4xx_HAL_Driver/Src/stm32f4xx_hal_adc.o
LOAD ./Drivers/STM32F4xx_HAL_Driver/Src/stm32f4xx_hal_adc_ex.o
LOAD ./Drivers/STM32F4xx_HAL_Driver/Src/stm32f4xx_hal_cortex.o
LOAD ./Drivers/STM32F4xx_HAL_Driver/Src/stm32f4xx_hal_dma.o
LOAD ./Drivers/STM32F4xx_HAL_Driver/Src/stm32f4xx_hal_dma_ex.o
LOAD ./Drivers/STM32F4xx_HAL_Driver/Src/stm32f4xx_hal_exti.o
LOAD ./Drivers/STM32F4xx_HAL_Driver/Src/stm32f4xx_hal_flash.o
LOAD ./Drivers/STM32F4xx_HAL_Driver/Src/stm32f4xx_hal_flash_ex.o
LOAD ./Drivers/STM32F4xx_HAL_Driver/Src/stm32f4xx_hal_flash_ramfunc.o
LOAD ./Drivers/STM32F4xx_HAL_Driver/Src/stm32f4xx_hal_gpio.o
LOAD ./Drivers/STM32F4xx_HAL_Driver/Src/stm32f4xx_hal_pcd.o
LOAD ./Drivers/STM32F4xx_HAL_Driver/Src/stm32f4xx_hal_pcd_ex.o
LOAD ./Drivers/STM32F4xx_HAL_Driver/Src/stm32f4xx_hal_pwr.o
LOAD ./Drivers/STM32F4xx_HAL_Driver/Src/stm32f4xx_hal_pwr_ex.o
LOAD ./Drivers/STM32F4xx_HAL_Driver/Src/stm32f4xx_hal_rcc.o
LOAD ./Drivers/STM32F4xx_HAL_Driver/Src/stm32f4xx_hal_rcc_ex.o
LOAD ./Drivers/STM32F4xx_HAL_Driver/Src/stm32f4xx_hal_sd.o
LOAD ./Drivers/STM32F4xx_HAL_Driver/Src/stm32f4xx_hal_tim.o
LOAD ./Drivers/STM32F4xx_HAL_Driver/Src/stm32f4xx_hal_tim_ex.o
LOAD ./Drivers/STM32F4xx_HAL_Driver/Src/stm32f4xx_ll_adc.o
LOAD ./Drivers/STM32F4xx_HAL_Driver/Src/stm32f4xx_ll_sdmmc.o
LOAD ./Drivers/STM32F4xx_HAL_Driver/Src/stm32f4xx_ll_usb.o
LOAD ./FATFS/App/fatfs.o
LOAD ./FATFS/Target/bsp_driver_sd.o
LOAD ./FATFS/Target/fatfs_platform.o
LOAD ./FATFS/Target/sd_diskio.o
LOAD ./Middlewares/ST/STM32_USB_Device_Library/Class/CDC/Src/usbd_cdc.o
LOAD ./Middlewares/ST/STM32_USB_Device_Library/Core/Src/usbd_core.o
LOAD ./Middlewares/ST/STM32_USB_Device_Library/Core/Src/usbd_ctlreq.o
LOAD ./Middlewares/ST/STM32_USB_Device_Library/Core/Src/usbd_ioreq.o
LOAD ./Middlewares/Third_Party/FatFs/src/diskio.o
LOAD ./Middlewares/Third_Party/FatFs/src/ff.o
LOAD ./Middlewares/Third_Party/FatFs/src/ff_gen_drv.o
LOAD ./Middlewares/Third_Party/FatFs/src/option/syscall.o
LOAD ./USB_DEVICE/App/usb_device.o
LOAD ./USB_DEVICE/App/usbd_cdc_if.o
LOAD ./USB_DEVICE/App/usbd_desc.o
LOAD ./USB_DEVICE/Target/usbd_conf.o
START GROUP
LOAD /home/liam/st/stm32cubeide_1.10.0/plugins/com.st.stm32cube.ide.mcu.externaltools.gnu-tools-for-stm32.10.3-2021.10.linux64_1.0.0.202111181127/tools/bin/../lib/gcc/arm-none-eabi/10.3.1/../../../../arm-none-eabi/lib/thumb/v7e-m+fp/hard/libc_nano.a
LOAD /home/liam/st/stm32cubeide_1.10.0/plugins/com.st.stm32cube.ide.mcu.externaltools.gnu-tools-for-stm32.10.3-2021.10.linux64_1.0.0.202111181127/tools/bin/../lib/gcc/arm-none-eabi/10.3.1/../../../../arm-none-eabi/lib/thumb/v7e-m+fp/hard/libm.a
END GROUP
START GROUP
LOAD /home/liam/st/stm32cubeide_1.10.0/plugins/com.st.stm32cube.ide.mcu.externaltools.gnu-tools-for-stm32.10.3-2021.10.linux64_1.0.0.202111181127/tools/bin/../lib/gcc/arm-none-eabi/10.3.1/thumb/v7e-m+fp/hard/libgcc.a
LOAD /home/liam/st/stm32cubeide_1.10.0/plugins/com.st.stm32cube.ide.mcu.externaltools.gnu-tools-for-stm32.10.3-2021.10.linux64_1.0.0.202111181127/tools/bin/../lib/gcc/arm-none-eabi/10.3.1/../../../../arm-none-eabi/lib/thumb/v7e-m+fp/hard/libc_nano.a
END GROUP
START GROUP
LOAD /home/liam/st/stm32cubeide_1.10.0/plugins/com.st.stm32cube.ide.mcu.externaltools.gnu-tools-for-stm32.10.3-2021.10.linux64_1.0.0.202111181127/tools/bin/../lib/gcc/arm-none-eabi/10.3.1/thumb/v7e-m+fp/hard/libgcc.a
LOAD /home/liam/st/stm32cubeide_1.10.0/plugins/com.st.stm32cube.ide.mcu.externaltools.gnu-tools-for-stm32.10.3-2021.10.linux64_1.0.0.202111181127/tools/bin/../lib/gcc/arm-none-eabi/10.3.1/../../../../arm-none-eabi/lib/thumb/v7e-m+fp/hard/libc_nano.a
LOAD /home/liam/st/stm32cubeide_1.10.0/plugins/com.st.stm32cube.ide.mcu.externaltools.gnu-tools-for-stm32.10.3-2021.10.linux64_1.0.0.202111181127/tools/bin/../lib/gcc/arm-none-eabi/10.3.1/../../../../arm-none-eabi/lib/thumb/v7e-m+fp/hard/libnosys.a
END GROUP
START GROUP
LOAD /home/liam/st/stm32cubeide_1.10.0/plugins/com.st.stm32cube.ide.mcu.externaltools.gnu-tools-for-stm32.10.3-2021.10.linux64_1.0.0.202111181127/tools/bin/../lib/gcc/arm-none-eabi/10.3.1/thumb/v7e-m+fp/hard/libgcc.a
LOAD /home/liam/st/stm32cubeide_1.10.0/plugins/com.st.stm32cube.ide.mcu.externaltools.gnu-tools-for-stm32.10.3-2021.10.linux64_1.0.0.202111181127/tools/bin/../lib/gcc/arm-none-eabi/10.3.1/../../../../arm-none-eabi/lib/thumb/v7e-m+fp/hard/libc_nano.a
LOAD /home/liam/st/stm32cubeide_1.10.0/plugins/com.st.stm32cube.ide.mcu.externaltools.gnu-tools-for-stm32.10.3-2021.10.linux64_1.0.0.202111181127/tools/bin/../lib/gcc/arm-none-eabi/10.3.1/../../../../arm-none-eabi/lib/thumb/v7e-m+fp/hard/libnosys.a
END GROUP
LOAD /home/liam/st/stm32cubeide_1.10.0/plugins/com.st.stm32cube.ide.mcu.externaltools.gnu-tools-for-stm32.10.3-2021.10.linux64_1.0.0.202111181127/tools/bin/../lib/gcc/arm-none-eabi/10.3.1/thumb/v7e-m+fp/hard/crtend.o
LOAD /home/liam/st/stm32cubeide_1.10.0/plugins/com.st.stm32cube.ide.mcu.externaltools.gnu-tools-for-stm32.10.3-2021.10.linux64_1.0.0.202111181127/tools/bin/../lib/gcc/arm-none-eabi/10.3.1/thumb/v7e-m+fp/hard/crtn.o
                0x0000000020020000                _estack = (ORIGIN (RAM) + LENGTH (RAM))
                0x0000000000000200                _Min_Heap_Size = 0x200
                0x0000000000000400                _Min_Stack_Size = 0x400

.isr_vector     0x0000000008000000      0x188
                0x0000000008000000                . = ALIGN (0x4)
 *(.isr_vector)
 .isr_vector    0x0000000008000000      0x188 ./Core/Startup/startup_stm32f405rgtx.o
                0x0000000008000000                g_pfnVectors
                0x0000000008000188                . = ALIGN (0x4)

.text           0x0000000008000190     0x8908
                0x0000000008000190                . = ALIGN (0x4)
 *(.text)
 .text          0x0000000008000190       0x40 /home/liam/st/stm32cubeide_1.10.0/plugins/com.st.stm32cube.ide.mcu.externaltools.gnu-tools-for-stm32.10.3-2021.10.linux64_1.0.0.202111181127/tools/bin/../lib/gcc/arm-none-eabi/10.3.1/thumb/v7e-m+fp/hard/crtbegin.o
 .text          0x00000000080001d0       0x10 /home/liam/st/stm32cubeide_1.10.0/plugins/com.st.stm32cube.ide.mcu.externaltools.gnu-tools-for-stm32.10.3-2021.10.linux64_1.0.0.202111181127/tools/bin/../lib/gcc/arm-none-eabi/10.3.1/../../../../arm-none-eabi/lib/thumb/v7e-m+fp/hard/libc_nano.a(lib_a-strlen.o)
                0x00000000080001d0                strlen
 .text          0x00000000080001e0       0xa0 /home/liam/st/stm32cubeide_1.10.0/plugins/com.st.stm32cube.ide.mcu.externaltools.gnu-tools-for-stm32.10.3-2021.10.linux64_1.0.0.202111181127/tools/bin/../lib/gcc/arm-none-eabi/10.3.1/../../../../arm-none-eabi/lib/thumb/v7e-m+fp/hard/libc_nano.a(lib_a-memchr.o)
                0x00000000080001e0                memchr
 .text          0x0000000008000280       0x30 /home/liam/st/stm32cubeide_1.10.0/plugins/com.st.stm32cube.ide.mcu.externaltools.gnu-tools-for-stm32.10.3-2021.10.linux64_1.0.0.202111181127/tools/bin/../lib/gcc/arm-none-eabi/10.3.1/thumb/v7e-m+fp/hard/libgcc.a(_aeabi_uldivmod.o)
                0x0000000008000280                __aeabi_uldivmod
 .text          0x00000000080002b0      0x2d0 /home/liam/st/stm32cubeide_1.10.0/plugins/com.st.stm32cube.ide.mcu.externaltools.gnu-tools-for-stm32.10.3-2021.10.linux64_1.0.0.202111181127/tools/bin/../lib/gcc/arm-none-eabi/10.3.1/thumb/v7e-m+fp/hard/libgcc.a(_udivmoddi4.o)
                0x00000000080002b0                __udivmoddi4
 .text          0x0000000008000580        0x4 /home/liam/st/stm32cubeide_1.10.0/plugins/com.st.stm32cube.ide.mcu.externaltools.gnu-tools-for-stm32.10.3-2021.10.linux64_1.0.0.202111181127/tools/bin/../lib/gcc/arm-none-eabi/10.3.1/thumb/v7e-m+fp/hard/libgcc.a(_dvmd_tls.o)
                0x0000000008000580                __aeabi_ldiv0
                0x0000000008000580                __aeabi_idiv0
 *(.text*)
 .text.OnePoleF_init
                0x0000000008000584       0x64 ./Core/Src/OnePole.o
                0x0000000008000584                OnePoleF_init
 .text.OnePoleF_update
                0x00000000080005e8       0xae ./Core/Src/OnePole.o
                0x00000000080005e8                OnePoleF_update
 .text.USB_print
                0x0000000008000696       0x12 ./Core/Src/main.o
                0x0000000008000696                USB_print
 .text.delayWhile
                0x00000000080006a8       0x24 ./Core/Src/main.o
                0x00000000080006a8                delayWhile
 .text.blink    0x00000000080006cc       0x34 ./Core/Src/main.o
                0x00000000080006cc                blink
 .text.HAL_ADC_ConvHalfCpltCallback
                0x0000000008000700       0x28 ./Core/Src/main.o
                0x0000000008000700                HAL_ADC_ConvHalfCpltCallback
 .text.HAL_ADC_ConvCpltCallback
                0x0000000008000728       0x28 ./Core/Src/main.o
                0x0000000008000728                HAL_ADC_ConvCpltCallback
 .text.littleToBigFor
                0x0000000008000750       0x68 ./Core/Src/main.o
                0x0000000008000750                littleToBigFor
 .text.detectOnChannel
                0x00000000080007b8       0x44 ./Core/Src/main.o
                0x00000000080007b8                detectOnChannel
 .text.processPPS
                0x00000000080007fc       0x80 ./Core/Src/main.o
                0x00000000080007fc                processPPS
 .text.freshBlockCallback
                0x000000000800087c       0xc0 ./Core/Src/main.o
                0x000000000800087c                freshBlockCallback
 .text.openNextFile
                0x000000000800093c       0x84 ./Core/Src/main.o
                0x000000000800093c                openNextFile
 .text.SystemClock_Config
                0x00000000080009c0       0xa4 ./Core/Src/main.o
                0x00000000080009c0                SystemClock_Config
 .text.main     0x0000000008000a64      0x448 ./Core/Src/main.o
                0x0000000008000a64                main
 .text.Error_Handler
                0x0000000008000eac        0x4 ./Core/Src/main.o
                0x0000000008000eac                Error_Handler
 .text.HAL_MspInit
                0x0000000008000eb0       0x38 ./Core/Src/stm32f4xx_hal_msp.o
                0x0000000008000eb0                HAL_MspInit
 .text.HAL_ADC_MspInit
                0x0000000008000ee8       0xac ./Core/Src/stm32f4xx_hal_msp.o
                0x0000000008000ee8                HAL_ADC_MspInit
 .text.HAL_SD_MspInit
                0x0000000008000f94       0xb0 ./Core/Src/stm32f4xx_hal_msp.o
                0x0000000008000f94                HAL_SD_MspInit
 .text.NMI_Handler
                0x0000000008001044        0x2 ./Core/Src/stm32f4xx_it.o
                0x0000000008001044                NMI_Handler
 .text.HardFault_Handler
                0x0000000008001046        0x2 ./Core/Src/stm32f4xx_it.o
                0x0000000008001046                HardFault_Handler
 .text.MemManage_Handler
                0x0000000008001048        0x2 ./Core/Src/stm32f4xx_it.o
                0x0000000008001048                MemManage_Handler
 .text.BusFault_Handler
                0x000000000800104a        0x2 ./Core/Src/stm32f4xx_it.o
                0x000000000800104a                BusFault_Handler
 .text.UsageFault_Handler
                0x000000000800104c        0x2 ./Core/Src/stm32f4xx_it.o
                0x000000000800104c                UsageFault_Handler
 .text.SVC_Handler
                0x000000000800104e        0x2 ./Core/Src/stm32f4xx_it.o
                0x000000000800104e                SVC_Handler
 .text.DebugMon_Handler
                0x0000000008001050        0x2 ./Core/Src/stm32f4xx_it.o
                0x0000000008001050                DebugMon_Handler
 .text.PendSV_Handler
                0x0000000008001052        0x2 ./Core/Src/stm32f4xx_it.o
                0x0000000008001052                PendSV_Handler
 .text.SysTick_Handler
                0x0000000008001054        0x8 ./Core/Src/stm32f4xx_it.o
                0x0000000008001054                SysTick_Handler
 .text.ADC_IRQHandler
                0x000000000800105c       0x10 ./Core/Src/stm32f4xx_it.o
                0x000000000800105c                ADC_IRQHandler
 .text.SDIO_IRQHandler
                0x000000000800106c       0x10 ./Core/Src/stm32f4xx_it.o
                0x000000000800106c                SDIO_IRQHandler
 .text.DMA2_Stream4_IRQHandler
                0x000000000800107c       0x10 ./Core/Src/stm32f4xx_it.o
                0x000000000800107c                DMA2_Stream4_IRQHandler
 .text.OTG_FS_IRQHandler
                0x000000000800108c       0x10 ./Core/Src/stm32f4xx_it.o
                0x000000000800108c                OTG_FS_IRQHandler
 .text._sbrk    0x000000000800109c       0x48 ./Core/Src/sysmem.o
                0x000000000800109c                _sbrk
 .text.SystemInit
                0x00000000080010e4       0x14 ./Core/Src/system_stm32f4xx.o
                0x00000000080010e4                SystemInit
 .text.Reset_Handler
                0x00000000080010f8       0x50 ./Core/Startup/startup_stm32f405rgtx.o
                0x00000000080010f8                Reset_Handler
 .text.Default_Handler
                0x0000000008001148        0x2 ./Core/Startup/startup_stm32f405rgtx.o
                0x0000000008001148                RTC_Alarm_IRQHandler
                0x0000000008001148                HASH_RNG_IRQHandler
                0x0000000008001148                EXTI2_IRQHandler
                0x0000000008001148                TIM8_CC_IRQHandler
                0x0000000008001148                TIM1_CC_IRQHandler
                0x0000000008001148                DMA2_Stream5_IRQHandler
                0x0000000008001148                DMA1_Stream5_IRQHandler
                0x0000000008001148                PVD_IRQHandler
                0x0000000008001148                TAMP_STAMP_IRQHandler
                0x0000000008001148                CAN2_RX1_IRQHandler
                0x0000000008001148                EXTI3_IRQHandler
                0x0000000008001148                TIM8_TRG_COM_TIM14_IRQHandler
                0x0000000008001148                TIM1_UP_TIM10_IRQHandler
                0x0000000008001148                TIM8_UP_TIM13_IRQHandler
                0x0000000008001148                I2C3_ER_IRQHandler
                0x0000000008001148                EXTI0_IRQHandler
                0x0000000008001148                I2C2_EV_IRQHandler
                0x0000000008001148                DMA1_Stream2_IRQHandler
                0x0000000008001148                CAN1_RX0_IRQHandler
                0x0000000008001148                FPU_IRQHandler
                0x0000000008001148                OTG_HS_WKUP_IRQHandler
                0x0000000008001148                CAN2_SCE_IRQHandler
                0x0000000008001148                DMA2_Stream2_IRQHandler
                0x0000000008001148                SPI1_IRQHandler
                0x0000000008001148                TIM6_DAC_IRQHandler
                0x0000000008001148                TIM1_BRK_TIM9_IRQHandler
                0x0000000008001148                CAN2_RX0_IRQHandler
                0x0000000008001148                DMA2_Stream3_IRQHandler
                0x0000000008001148                USART6_IRQHandler
                0x0000000008001148                USART3_IRQHandler
                0x0000000008001148                CAN1_RX1_IRQHandler
                0x0000000008001148                UART5_IRQHandler
                0x0000000008001148                DMA2_Stream0_IRQHandler
                0x0000000008001148                TIM4_IRQHandler
                0x0000000008001148                I2C1_EV_IRQHandler
                0x0000000008001148                DMA1_Stream6_IRQHandler
                0x0000000008001148                DMA1_Stream1_IRQHandler
                0x0000000008001148                UART4_IRQHandler
                0x0000000008001148                TIM3_IRQHandler
                0x0000000008001148                RCC_IRQHandler
                0x0000000008001148                TIM8_BRK_TIM12_IRQHandler
                0x0000000008001148                Default_Handler
                0x0000000008001148                EXTI15_10_IRQHandler
                0x0000000008001148                DMA1_Stream7_IRQHandler
                0x0000000008001148                TIM7_IRQHandler
                0x0000000008001148                CAN2_TX_IRQHandler
                0x0000000008001148                TIM5_IRQHandler
                0x0000000008001148                DMA2_Stream7_IRQHandler
                0x0000000008001148                I2C3_EV_IRQHandler
                0x0000000008001148                EXTI9_5_IRQHandler
                0x0000000008001148                RTC_WKUP_IRQHandler
                0x0000000008001148                SPI2_IRQHandler
                0x0000000008001148                OTG_HS_EP1_IN_IRQHandler
                0x0000000008001148                DMA1_Stream0_IRQHandler
                0x0000000008001148                CAN1_TX_IRQHandler
                0x0000000008001148                EXTI4_IRQHandler
                0x0000000008001148                FSMC_IRQHandler
                0x0000000008001148                OTG_HS_EP1_OUT_IRQHandler
                0x0000000008001148                WWDG_IRQHandler
                0x0000000008001148                TIM2_IRQHandler
                0x0000000008001148                OTG_FS_WKUP_IRQHandler
                0x0000000008001148                TIM1_TRG_COM_TIM11_IRQHandler
                0x0000000008001148                OTG_HS_IRQHandler
                0x0000000008001148                EXTI1_IRQHandler
                0x0000000008001148                USART2_IRQHandler
                0x0000000008001148                I2C2_ER_IRQHandler
                0x0000000008001148                DMA2_Stream1_IRQHandler
                0x0000000008001148                CAN1_SCE_IRQHandler
                0x0000000008001148                FLASH_IRQHandler
                0x0000000008001148                USART1_IRQHandler
                0x0000000008001148                SPI3_IRQHandler
                0x0000000008001148                DMA1_Stream4_IRQHandler
                0x0000000008001148                I2C1_ER_IRQHandler
                0x0000000008001148                DMA2_Stream6_IRQHandler
                0x0000000008001148                DMA1_Stream3_IRQHandler
 *fill*         0x000000000800114a        0x2 
 .text.HAL_InitTick
                0x000000000800114c       0x4c ./Drivers/STM32F4xx_HAL_Driver/Src/stm32f4xx_hal.o
                0x000000000800114c                HAL_InitTick
 .text.HAL_Init
                0x0000000008001198       0x34 ./Drivers/STM32F4xx_HAL_Driver/Src/stm32f4xx_hal.o
                0x0000000008001198                HAL_Init
 .text.HAL_IncTick
                0x00000000080011cc       0x18 ./Drivers/STM32F4xx_HAL_Driver/Src/stm32f4xx_hal.o
                0x00000000080011cc                HAL_IncTick
 .text.HAL_GetTick
                0x00000000080011e4        0xc ./Drivers/STM32F4xx_HAL_Driver/Src/stm32f4xx_hal.o
                0x00000000080011e4                HAL_GetTick
 .text.HAL_Delay
                0x00000000080011f0       0x28 ./Drivers/STM32F4xx_HAL_Driver/Src/stm32f4xx_hal.o
                0x00000000080011f0                HAL_Delay
 .text.HAL_ADC_Init
                0x0000000008001218      0x184 ./Drivers/STM32F4xx_HAL_Driver/Src/stm32f4xx_hal_adc.o
                0x0000000008001218                HAL_ADC_Init
 .text.HAL_ADC_Start_DMA
                0x000000000800139c      0x1a0 ./Drivers/STM32F4xx_HAL_Driver/Src/stm32f4xx_hal_adc.o
                0x000000000800139c                HAL_ADC_Start_DMA
 .text.HAL_ADC_Stop_DMA
                0x000000000800153c       0x78 ./Drivers/STM32F4xx_HAL_Driver/Src/stm32f4xx_hal_adc.o
                0x000000000800153c                HAL_ADC_Stop_DMA
 .text.ADC_DMAHalfConvCplt
                0x00000000080015b4        0xa ./Drivers/STM32F4xx_HAL_Driver/Src/stm32f4xx_hal_adc.o
 .text.HAL_ADC_LevelOutOfWindowCallback
                0x00000000080015be        0x2 ./Drivers/STM32F4xx_HAL_Driver/Src/stm32f4xx_hal_adc.o
                0x00000000080015be                HAL_ADC_LevelOutOfWindowCallback
 .text.HAL_ADC_ErrorCallback
                0x00000000080015c0        0x2 ./Drivers/STM32F4xx_HAL_Driver/Src/stm32f4xx_hal_adc.o
                0x00000000080015c0                HAL_ADC_ErrorCallback
 .text.HAL_ADC_IRQHandler
                0x00000000080015c2      0x140 ./Drivers/STM32F4xx_HAL_Driver/Src/stm32f4xx_hal_adc.o
                0x00000000080015c2                HAL_ADC_IRQHandler
 .text.ADC_DMAError
                0x0000000008001702       0x16 ./Drivers/STM32F4xx_HAL_Driver/Src/stm32f4xx_hal_adc.o
 .text.ADC_DMAConvCplt
                0x0000000008001718       0x72 ./Drivers/STM32F4xx_HAL_Driver/Src/stm32f4xx_hal_adc.o
 *fill*         0x000000000800178a        0x2 
 .text.HAL_ADC_ConfigChannel
                0x000000000800178c      0x198 ./Drivers/STM32F4xx_HAL_Driver/Src/stm32f4xx_hal_adc.o
                0x000000000800178c                HAL_ADC_ConfigChannel
 .text.HAL_ADCEx_InjectedConvCpltCallback
                0x0000000008001924        0x2 ./Drivers/STM32F4xx_HAL_Driver/Src/stm32f4xx_hal_adc_ex.o
                0x0000000008001924                HAL_ADCEx_InjectedConvCpltCallback
 *fill*         0x0000000008001926        0x2 
 .text.HAL_NVIC_SetPriorityGrouping
                0x0000000008001928       0x24 ./Drivers/STM32F4xx_HAL_Driver/Src/stm32f4xx_hal_cortex.o
                0x0000000008001928                HAL_NVIC_SetPriorityGrouping
 .text.HAL_NVIC_SetPriority
                0x000000000800194c       0x6c ./Drivers/STM32F4xx_HAL_Driver/Src/stm32f4xx_hal_cortex.o
                0x000000000800194c                HAL_NVIC_SetPriority
 .text.HAL_NVIC_EnableIRQ
                0x00000000080019b8       0x1c ./Drivers/STM32F4xx_HAL_Driver/Src/stm32f4xx_hal_cortex.o
                0x00000000080019b8                HAL_NVIC_EnableIRQ
 .text.HAL_SYSTICK_Config
                0x00000000080019d4       0x28 ./Drivers/STM32F4xx_HAL_Driver/Src/stm32f4xx_hal_cortex.o
                0x00000000080019d4                HAL_SYSTICK_Config
 .text.DMA_CalcBaseAndBitshift
                0x00000000080019fc       0x40 ./Drivers/STM32F4xx_HAL_Driver/Src/stm32f4xx_hal_dma.o
 .text.HAL_DMA_Init
                0x0000000008001a3c      0x130 ./Drivers/STM32F4xx_HAL_Driver/Src/stm32f4xx_hal_dma.o
                0x0000000008001a3c                HAL_DMA_Init
 .text.HAL_DMA_Start_IT
                0x0000000008001b6c       0x92 ./Drivers/STM32F4xx_HAL_Driver/Src/stm32f4xx_hal_dma.o
                0x0000000008001b6c                HAL_DMA_Start_IT
 .text.HAL_DMA_Abort
                0x0000000008001bfe       0x94 ./Drivers/STM32F4xx_HAL_Driver/Src/stm32f4xx_hal_dma.o
                0x0000000008001bfe                HAL_DMA_Abort
 .text.HAL_DMA_Abort_IT
                0x0000000008001c92       0x26 ./Drivers/STM32F4xx_HAL_Driver/Src/stm32f4xx_hal_dma.o
                0x0000000008001c92                HAL_DMA_Abort_IT
 .text.HAL_DMA_IRQHandler
                0x0000000008001cb8      0x1dc ./Drivers/STM32F4xx_HAL_Driver/Src/stm32f4xx_hal_dma.o
                0x0000000008001cb8                HAL_DMA_IRQHandler
 .text.HAL_GPIO_Init
                0x0000000008001e94      0x20c ./Drivers/STM32F4xx_HAL_Driver/Src/stm32f4xx_hal_gpio.o
                0x0000000008001e94                HAL_GPIO_Init
 .text.HAL_GPIO_ReadPin
                0x00000000080020a0        0xc ./Drivers/STM32F4xx_HAL_Driver/Src/stm32f4xx_hal_gpio.o
                0x00000000080020a0                HAL_GPIO_ReadPin
 .text.HAL_GPIO_WritePin
                0x00000000080020ac        0xc ./Drivers/STM32F4xx_HAL_Driver/Src/stm32f4xx_hal_gpio.o
                0x00000000080020ac                HAL_GPIO_WritePin
 .text.HAL_PCD_Init
                0x00000000080020b8      0x12e ./Drivers/STM32F4xx_HAL_Driver/Src/stm32f4xx_hal_pcd.o
                0x00000000080020b8                HAL_PCD_Init
 .text.HAL_PCD_Start
                0x00000000080021e6       0x42 ./Drivers/STM32F4xx_HAL_Driver/Src/stm32f4xx_hal_pcd.o
                0x00000000080021e6                HAL_PCD_Start
 .text.HAL_PCD_SetAddress
                0x0000000008002228       0x28 ./Drivers/STM32F4xx_HAL_Driver/Src/stm32f4xx_hal_pcd.o
                0x0000000008002228                HAL_PCD_SetAddress
 .text.HAL_PCD_EP_Open
                0x0000000008002250       0x82 ./Drivers/STM32F4xx_HAL_Driver/Src/stm32f4xx_hal_pcd.o
                0x0000000008002250                HAL_PCD_EP_Open
 .text.HAL_PCD_EP_Close
                0x00000000080022d2       0x6e ./Drivers/STM32F4xx_HAL_Driver/Src/stm32f4xx_hal_pcd.o
                0x00000000080022d2                HAL_PCD_EP_Close
 .text.HAL_PCD_EP_Receive
                0x0000000008002340       0x5c ./Drivers/STM32F4xx_HAL_Driver/Src/stm32f4xx_hal_pcd.o
                0x0000000008002340                HAL_PCD_EP_Receive
 .text.HAL_PCD_EP_GetRxCount
                0x000000000800239c       0x12 ./Drivers/STM32F4xx_HAL_Driver/Src/stm32f4xx_hal_pcd.o
                0x000000000800239c                HAL_PCD_EP_GetRxCount
 .text.HAL_PCD_EP_Transmit
                0x00000000080023ae       0x5c ./Drivers/STM32F4xx_HAL_Driver/Src/stm32f4xx_hal_pcd.o
                0x00000000080023ae                HAL_PCD_EP_Transmit
 .text.HAL_PCD_EP_SetStall
                0x000000000800240a       0x84 ./Drivers/STM32F4xx_HAL_Driver/Src/stm32f4xx_hal_pcd.o
                0x000000000800240a                HAL_PCD_EP_SetStall
 .text.HAL_PCD_EP_ClrStall
                0x000000000800248e       0x72 ./Drivers/STM32F4xx_HAL_Driver/Src/stm32f4xx_hal_pcd.o
                0x000000000800248e                HAL_PCD_EP_ClrStall
 .text.HAL_PCD_EP_Abort
                0x0000000008002500       0x22 ./Drivers/STM32F4xx_HAL_Driver/Src/stm32f4xx_hal_pcd.o
                0x0000000008002500                HAL_PCD_EP_Abort
 *fill*         0x0000000008002522        0x2 
 .text.HAL_PCD_IRQHandler
                0x0000000008002524      0x750 ./Drivers/STM32F4xx_HAL_Driver/Src/stm32f4xx_hal_pcd.o
                0x0000000008002524                HAL_PCD_IRQHandler
 .text.HAL_PCDEx_SetTxFiFo
                0x0000000008002c74       0x4a ./Drivers/STM32F4xx_HAL_Driver/Src/stm32f4xx_hal_pcd_ex.o
                0x0000000008002c74                HAL_PCDEx_SetTxFiFo
 .text.HAL_PCDEx_SetRxFiFo
                0x0000000008002cbe        0x8 ./Drivers/STM32F4xx_HAL_Driver/Src/stm32f4xx_hal_pcd_ex.o
                0x0000000008002cbe                HAL_PCDEx_SetRxFiFo
 .text.HAL_PCDEx_LPM_Callback
                0x0000000008002cc6        0x2 ./Drivers/STM32F4xx_HAL_Driver/Src/stm32f4xx_hal_pcd_ex.o
                0x0000000008002cc6                HAL_PCDEx_LPM_Callback
 .text.HAL_RCC_OscConfig
                0x0000000008002cc8      0x3f8 ./Drivers/STM32F4xx_HAL_Driver/Src/stm32f4xx_hal_rcc.o
                0x0000000008002cc8                HAL_RCC_OscConfig
 .text.HAL_RCC_GetSysClockFreq
                0x00000000080030c0       0xa4 ./Drivers/STM32F4xx_HAL_Driver/Src/stm32f4xx_hal_rcc.o
                0x00000000080030c0                HAL_RCC_GetSysClockFreq
 .text.HAL_RCC_ClockConfig
                0x0000000008003164      0x164 ./Drivers/STM32F4xx_HAL_Driver/Src/stm32f4xx_hal_rcc.o
                0x0000000008003164                HAL_RCC_ClockConfig
 .text.HAL_RCC_GetHCLKFreq
                0x00000000080032c8        0xc ./Drivers/STM32F4xx_HAL_Driver/Src/stm32f4xx_hal_rcc.o
                0x00000000080032c8                HAL_RCC_GetHCLKFreq
 .text.SD_FindSCR
                0x00000000080032d4      0x106 ./Drivers/STM32F4xx_HAL_Driver/Src/stm32f4xx_hal_sd.o
 *fill*         0x00000000080033da        0x2 
 .text.HAL_SD_ReadBlocks
                0x00000000080033dc      0x250 ./Drivers/STM32F4xx_HAL_Driver/Src/stm32f4xx_hal_sd.o
                0x00000000080033dc                HAL_SD_ReadBlocks
 .text.HAL_SD_WriteBlocks
                0x000000000800362c      0x1f8 ./Drivers/STM32F4xx_HAL_Driver/Src/stm32f4xx_hal_sd.o
                0x000000000800362c                HAL_SD_WriteBlocks
 .text.HAL_SD_ErrorCallback
                0x0000000008003824        0x2 ./Drivers/STM32F4xx_HAL_Driver/Src/stm32f4xx_hal_sd.o
                0x0000000008003824                HAL_SD_ErrorCallback
 *fill*         0x0000000008003826        0x2 
 .text.HAL_SD_GetCardCSD
                0x0000000008003828      0x1b8 ./Drivers/STM32F4xx_HAL_Driver/Src/stm32f4xx_hal_sd.o
                0x0000000008003828                HAL_SD_GetCardCSD
 .text.HAL_SD_InitCard
                0x00000000080039e0      0x248 ./Drivers/STM32F4xx_HAL_Driver/Src/stm32f4xx_hal_sd.o
                0x00000000080039e0                HAL_SD_InitCard
 .text.HAL_SD_Init
                0x0000000008003c28       0x36 ./Drivers/STM32F4xx_HAL_Driver/Src/stm32f4xx_hal_sd.o
                0x0000000008003c28                HAL_SD_Init
 .text.HAL_SD_GetCardInfo
                0x0000000008003c5e       0x24 ./Drivers/STM32F4xx_HAL_Driver/Src/stm32f4xx_hal_sd.o
                0x0000000008003c5e                HAL_SD_GetCardInfo
 *fill*         0x0000000008003c82        0x2 
 .text.HAL_SD_ConfigWideBusOperation
                0x0000000008003c84      0x148 ./Drivers/STM32F4xx_HAL_Driver/Src/stm32f4xx_hal_sd.o
                0x0000000008003c84                HAL_SD_ConfigWideBusOperation
 .text.HAL_SD_GetCardState
                0x0000000008003dcc       0x28 ./Drivers/STM32F4xx_HAL_Driver/Src/stm32f4xx_hal_sd.o
                0x0000000008003dcc                HAL_SD_GetCardState
 .text.SD_DMATxAbort
                0x0000000008003df4       0x44 ./Drivers/STM32F4xx_HAL_Driver/Src/stm32f4xx_hal_sd.o
 .text.SD_DMARxAbort
                0x0000000008003e38       0x44 ./Drivers/STM32F4xx_HAL_Driver/Src/stm32f4xx_hal_sd.o
 .text.HAL_SD_IRQHandler
                0x0000000008003e7c      0x2a4 ./Drivers/STM32F4xx_HAL_Driver/Src/stm32f4xx_hal_sd.o
                0x0000000008003e7c                HAL_SD_IRQHandler
 .text.SDIO_Init
                0x0000000008004120       0x34 ./Drivers/STM32F4xx_HAL_Driver/Src/stm32f4xx_ll_sdmmc.o
                0x0000000008004120                SDIO_Init
 .text.SDIO_ReadFIFO
                0x0000000008004154        0x6 ./Drivers/STM32F4xx_HAL_Driver/Src/stm32f4xx_ll_sdmmc.o
                0x0000000008004154                SDIO_ReadFIFO
 .text.SDIO_WriteFIFO
                0x000000000800415a        0xa ./Drivers/STM32F4xx_HAL_Driver/Src/stm32f4xx_ll_sdmmc.o
                0x000000000800415a                SDIO_WriteFIFO
 .text.SDIO_PowerState_ON
                0x0000000008004164        0x8 ./Drivers/STM32F4xx_HAL_Driver/Src/stm32f4xx_ll_sdmmc.o
                0x0000000008004164                SDIO_PowerState_ON
 .text.SDIO_GetPowerState
                0x000000000800416c        0x8 ./Drivers/STM32F4xx_HAL_Driver/Src/stm32f4xx_ll_sdmmc.o
                0x000000000800416c                SDIO_GetPowerState
 .text.SDIO_SendCommand
                0x0000000008004174       0x2a ./Drivers/STM32F4xx_HAL_Driver/Src/stm32f4xx_ll_sdmmc.o
                0x0000000008004174                SDIO_SendCommand
 .text.SDIO_GetResponse
                0x000000000800419e        0x6 ./Drivers/STM32F4xx_HAL_Driver/Src/stm32f4xx_ll_sdmmc.o
                0x000000000800419e                SDIO_GetResponse
 .text.SDIO_ConfigData
                0x00000000080041a4       0x2a ./Drivers/STM32F4xx_HAL_Driver/Src/stm32f4xx_ll_sdmmc.o
                0x00000000080041a4                SDIO_ConfigData
 *fill*         0x00000000080041ce        0x2 
 .text.SDMMC_CmdGoIdleState
                0x00000000080041d0       0x58 ./Drivers/STM32F4xx_HAL_Driver/Src/stm32f4xx_ll_sdmmc.o
                0x00000000080041d0                SDMMC_CmdGoIdleState
 .text.SDMMC_GetCmdResp1
                0x0000000008004228      0x160 ./Drivers/STM32F4xx_HAL_Driver/Src/stm32f4xx_ll_sdmmc.o
                0x0000000008004228                SDMMC_GetCmdResp1
 .text.SDMMC_CmdBlockLength
                0x0000000008004388       0x30 ./Drivers/STM32F4xx_HAL_Driver/Src/stm32f4xx_ll_sdmmc.o
                0x0000000008004388                SDMMC_CmdBlockLength
 .text.SDMMC_CmdReadSingleBlock
                0x00000000080043b8       0x30 ./Drivers/STM32F4xx_HAL_Driver/Src/stm32f4xx_ll_sdmmc.o
                0x00000000080043b8                SDMMC_CmdReadSingleBlock
 .text.SDMMC_CmdReadMultiBlock
                0x00000000080043e8       0x30 ./Drivers/STM32F4xx_HAL_Driver/Src/stm32f4xx_ll_sdmmc.o
                0x00000000080043e8                SDMMC_CmdReadMultiBlock
 .text.SDMMC_CmdWriteSingleBlock
                0x0000000008004418       0x30 ./Drivers/STM32F4xx_HAL_Driver/Src/stm32f4xx_ll_sdmmc.o
                0x0000000008004418                SDMMC_CmdWriteSingleBlock
 .text.SDMMC_CmdWriteMultiBlock
                0x0000000008004448       0x30 ./Drivers/STM32F4xx_HAL_Driver/Src/stm32f4xx_ll_sdmmc.o
                0x0000000008004448                SDMMC_CmdWriteMultiBlock
 .text.SDMMC_CmdStopTransfer
                0x0000000008004478       0x34 ./Drivers/STM32F4xx_HAL_Driver/Src/stm32f4xx_ll_sdmmc.o
                0x0000000008004478                SDMMC_CmdStopTransfer
 .text.SDMMC_CmdSelDesel
                0x00000000080044ac       0x30 ./Drivers/STM32F4xx_HAL_Driver/Src/stm32f4xx_ll_sdmmc.o
                0x00000000080044ac                SDMMC_CmdSelDesel
 .text.SDMMC_CmdAppCommand
                0x00000000080044dc       0x30 ./Drivers/STM32F4xx_HAL_Driver/Src/stm32f4xx_ll_sdmmc.o
                0x00000000080044dc                SDMMC_CmdAppCommand
 .text.SDMMC_CmdBusWidth
                0x000000000800450c       0x30 ./Drivers/STM32F4xx_HAL_Driver/Src/stm32f4xx_ll_sdmmc.o
                0x000000000800450c                SDMMC_CmdBusWidth
 .text.SDMMC_CmdSendSCR
                0x000000000800453c       0x30 ./Drivers/STM32F4xx_HAL_Driver/Src/stm32f4xx_ll_sdmmc.o
                0x000000000800453c                SDMMC_CmdSendSCR
 .text.SDMMC_CmdSendStatus
                0x000000000800456c       0x30 ./Drivers/STM32F4xx_HAL_Driver/Src/stm32f4xx_ll_sdmmc.o
                0x000000000800456c                SDMMC_CmdSendStatus
 .text.SDMMC_GetCmdResp2
                0x000000000800459c       0x64 ./Drivers/STM32F4xx_HAL_Driver/Src/stm32f4xx_ll_sdmmc.o
                0x000000000800459c                SDMMC_GetCmdResp2
 .text.SDMMC_CmdSendCID
                0x0000000008004600       0x2a ./Drivers/STM32F4xx_HAL_Driver/Src/stm32f4xx_ll_sdmmc.o
                0x0000000008004600                SDMMC_CmdSendCID
 .text.SDMMC_CmdSendCSD
                0x000000000800462a       0x2a ./Drivers/STM32F4xx_HAL_Driver/Src/stm32f4xx_ll_sdmmc.o
                0x000000000800462a                SDMMC_CmdSendCSD
 .text.SDMMC_GetCmdResp3
                0x0000000008004654       0x58 ./Drivers/STM32F4xx_HAL_Driver/Src/stm32f4xx_ll_sdmmc.o
                0x0000000008004654                SDMMC_GetCmdResp3
 .text.SDMMC_CmdAppOperCommand
                0x00000000080046ac       0x32 ./Drivers/STM32F4xx_HAL_Driver/Src/stm32f4xx_ll_sdmmc.o
                0x00000000080046ac                SDMMC_CmdAppOperCommand
 *fill*         0x00000000080046de        0x2 
 .text.SDMMC_GetCmdResp6
                0x00000000080046e0       0xb4 ./Drivers/STM32F4xx_HAL_Driver/Src/stm32f4xx_ll_sdmmc.o
                0x00000000080046e0                SDMMC_GetCmdResp6
 .text.SDMMC_CmdSetRelAdd
                0x0000000008004794       0x30 ./Drivers/STM32F4xx_HAL_Driver/Src/stm32f4xx_ll_sdmmc.o
                0x0000000008004794                SDMMC_CmdSetRelAdd
 .text.SDMMC_GetCmdResp7
                0x00000000080047c4       0x74 ./Drivers/STM32F4xx_HAL_Driver/Src/stm32f4xx_ll_sdmmc.o
                0x00000000080047c4                SDMMC_GetCmdResp7
 .text.SDMMC_CmdOperCond
                0x0000000008004838       0x2e ./Drivers/STM32F4xx_HAL_Driver/Src/stm32f4xx_ll_sdmmc.o
                0x0000000008004838                SDMMC_CmdOperCond
 *fill*         0x0000000008004866        0x2 
 .text.USB_CoreReset
                0x0000000008004868       0x50 ./Drivers/STM32F4xx_HAL_Driver/Src/stm32f4xx_ll_usb.o
 .text.USB_CoreInit
                0x00000000080048b8       0x8a ./Drivers/STM32F4xx_HAL_Driver/Src/stm32f4xx_ll_usb.o
                0x00000000080048b8                USB_CoreInit
 *fill*         0x0000000008004942        0x2 
 .text.USB_SetTurnaroundTime
                0x0000000008004944       0xe4 ./Drivers/STM32F4xx_HAL_Driver/Src/stm32f4xx_ll_usb.o
                0x0000000008004944                USB_SetTurnaroundTime
 .text.USB_EnableGlobalInt
                0x0000000008004a28        0xc ./Drivers/STM32F4xx_HAL_Driver/Src/stm32f4xx_ll_usb.o
                0x0000000008004a28                USB_EnableGlobalInt
 .text.USB_DisableGlobalInt
                0x0000000008004a34        0xc ./Drivers/STM32F4xx_HAL_Driver/Src/stm32f4xx_ll_usb.o
                0x0000000008004a34                USB_DisableGlobalInt
 .text.USB_SetCurrentMode
                0x0000000008004a40       0x62 ./Drivers/STM32F4xx_HAL_Driver/Src/stm32f4xx_ll_usb.o
                0x0000000008004a40                USB_SetCurrentMode
 *fill*         0x0000000008004aa2        0x2 
 .text.USB_FlushTxFifo
                0x0000000008004aa4       0x50 ./Drivers/STM32F4xx_HAL_Driver/Src/stm32f4xx_ll_usb.o
                0x0000000008004aa4                USB_FlushTxFifo
 .text.USB_FlushRxFifo
                0x0000000008004af4       0x4c ./Drivers/STM32F4xx_HAL_Driver/Src/stm32f4xx_ll_usb.o
                0x0000000008004af4                USB_FlushRxFifo
 .text.USB_SetDevSpeed
                0x0000000008004b40        0xe ./Drivers/STM32F4xx_HAL_Driver/Src/stm32f4xx_ll_usb.o
                0x0000000008004b40                USB_SetDevSpeed
 *fill*         0x0000000008004b4e        0x2 
 .text.USB_DevInit
                0x0000000008004b50      0x198 ./Drivers/STM32F4xx_HAL_Driver/Src/stm32f4xx_ll_usb.o
                0x0000000008004b50                USB_DevInit
 .text.USB_GetDevSpeed
                0x0000000008004ce8       0x1e ./Drivers/STM32F4xx_HAL_Driver/Src/stm32f4xx_ll_usb.o
                0x0000000008004ce8                USB_GetDevSpeed
 .text.USB_ActivateEndpoint
                0x0000000008004d06       0x96 ./Drivers/STM32F4xx_HAL_Driver/Src/stm32f4xx_ll_usb.o
                0x0000000008004d06                USB_ActivateEndpoint
 .text.USB_DeactivateEndpoint
                0x0000000008004d9c       0xdc ./Drivers/STM32F4xx_HAL_Driver/Src/stm32f4xx_ll_usb.o
                0x0000000008004d9c                USB_DeactivateEndpoint
 .text.USB_EP0StartXfer
                0x0000000008004e78      0x120 ./Drivers/STM32F4xx_HAL_Driver/Src/stm32f4xx_ll_usb.o
                0x0000000008004e78                USB_EP0StartXfer
 .text.USB_EPStopXfer
                0x0000000008004f98       0xa2 ./Drivers/STM32F4xx_HAL_Driver/Src/stm32f4xx_ll_usb.o
                0x0000000008004f98                USB_EPStopXfer
 .text.USB_WritePacket
                0x000000000800503a       0x2e ./Drivers/STM32F4xx_HAL_Driver/Src/stm32f4xx_ll_usb.o
                0x000000000800503a                USB_WritePacket
 .text.USB_EPStartXfer
                0x0000000008005068      0x210 ./Drivers/STM32F4xx_HAL_Driver/Src/stm32f4xx_ll_usb.o
                0x0000000008005068                USB_EPStartXfer
 .text.USB_ReadPacket
                0x0000000008005278       0x4a ./Drivers/STM32F4xx_HAL_Driver/Src/stm32f4xx_ll_usb.o
                0x0000000008005278                USB_ReadPacket
 .text.USB_EPSetStall
                0x00000000080052c2       0x5a ./Drivers/STM32F4xx_HAL_Driver/Src/stm32f4xx_ll_usb.o
                0x00000000080052c2                USB_EPSetStall
 .text.USB_EPClearStall
                0x000000000800531c       0x5c ./Drivers/STM32F4xx_HAL_Driver/Src/stm32f4xx_ll_usb.o
                0x000000000800531c                USB_EPClearStall
 .text.USB_SetDevAddress
                0x0000000008005378       0x20 ./Drivers/STM32F4xx_HAL_Driver/Src/stm32f4xx_ll_usb.o
                0x0000000008005378                USB_SetDevAddress
 .text.USB_DevConnect
                0x0000000008005398       0x1c ./Drivers/STM32F4xx_HAL_Driver/Src/stm32f4xx_ll_usb.o
                0x0000000008005398                USB_DevConnect
 .text.USB_DevDisconnect
                0x00000000080053b4       0x1c ./Drivers/STM32F4xx_HAL_Driver/Src/stm32f4xx_ll_usb.o
                0x00000000080053b4                USB_DevDisconnect
 .text.USB_ReadInterrupts
                0x00000000080053d0        0x8 ./Drivers/STM32F4xx_HAL_Driver/Src/stm32f4xx_ll_usb.o
                0x00000000080053d0                USB_ReadInterrupts
 .text.USB_ReadDevAllOutEpInterrupt
                0x00000000080053d8       0x10 ./Drivers/STM32F4xx_HAL_Driver/Src/stm32f4xx_ll_usb.o
                0x00000000080053d8                USB_ReadDevAllOutEpInterrupt
 .text.USB_ReadDevAllInEpInterrupt
                0x00000000080053e8       0x10 ./Drivers/STM32F4xx_HAL_Driver/Src/stm32f4xx_ll_usb.o
                0x00000000080053e8                USB_ReadDevAllInEpInterrupt
 .text.USB_ReadDevOutEPInterrupt
                0x00000000080053f8       0x12 ./Drivers/STM32F4xx_HAL_Driver/Src/stm32f4xx_ll_usb.o
                0x00000000080053f8                USB_ReadDevOutEPInterrupt
 .text.USB_ReadDevInEPInterrupt
                0x000000000800540a       0x28 ./Drivers/STM32F4xx_HAL_Driver/Src/stm32f4xx_ll_usb.o
                0x000000000800540a                USB_ReadDevInEPInterrupt
 .text.USB_GetMode
                0x0000000008005432        0x8 ./Drivers/STM32F4xx_HAL_Driver/Src/stm32f4xx_ll_usb.o
                0x0000000008005432                USB_GetMode
 .text.USB_ActivateSetup
                0x000000000800543a       0x20 ./Drivers/STM32F4xx_HAL_Driver/Src/stm32f4xx_ll_usb.o
                0x000000000800543a                USB_ActivateSetup
 *fill*         0x000000000800545a        0x2 
 .text.USB_EP0_OutStart
                0x000000000800545c       0x60 ./Drivers/STM32F4xx_HAL_Driver/Src/stm32f4xx_ll_usb.o
                0x000000000800545c                USB_EP0_OutStart
 .text.MX_FATFS_Init
                0x00000000080054bc       0x1c ./FATFS/App/fatfs.o
                0x00000000080054bc                MX_FATFS_Init
 .text.get_fattime
                0x00000000080054d8        0x4 ./FATFS/App/fatfs.o
                0x00000000080054d8                get_fattime
 .text.BSP_SD_ReadBlocks
                0x00000000080054dc       0x24 ./FATFS/Target/bsp_driver_sd.o
                0x00000000080054dc                BSP_SD_ReadBlocks
 .text.BSP_SD_WriteBlocks
                0x0000000008005500       0x24 ./FATFS/Target/bsp_driver_sd.o
                0x0000000008005500                BSP_SD_WriteBlocks
 .text.BSP_SD_GetCardState
                0x0000000008005524       0x14 ./FATFS/Target/bsp_driver_sd.o
                0x0000000008005524                BSP_SD_GetCardState
 .text.BSP_SD_GetCardInfo
                0x0000000008005538       0x10 ./FATFS/Target/bsp_driver_sd.o
                0x0000000008005538                BSP_SD_GetCardInfo
 .text.BSP_SD_AbortCallback
                0x0000000008005548        0x2 ./FATFS/Target/bsp_driver_sd.o
                0x0000000008005548                BSP_SD_AbortCallback
 .text.HAL_SD_AbortCallback
                0x000000000800554a        0x8 ./FATFS/Target/bsp_driver_sd.o
                0x000000000800554a                HAL_SD_AbortCallback
 .text.BSP_SD_WriteCpltCallback
                0x0000000008005552        0x2 ./FATFS/Target/bsp_driver_sd.o
                0x0000000008005552                BSP_SD_WriteCpltCallback
 .text.HAL_SD_TxCpltCallback
                0x0000000008005554        0x8 ./FATFS/Target/bsp_driver_sd.o
                0x0000000008005554                HAL_SD_TxCpltCallback
 .text.BSP_SD_ReadCpltCallback
                0x000000000800555c        0x2 ./FATFS/Target/bsp_driver_sd.o
                0x000000000800555c                BSP_SD_ReadCpltCallback
 .text.HAL_SD_RxCpltCallback
                0x000000000800555e        0x8 ./FATFS/Target/bsp_driver_sd.o
                0x000000000800555e                HAL_SD_RxCpltCallback
 .text.BSP_SD_IsDetected
                0x0000000008005566       0x20 ./FATFS/Target/bsp_driver_sd.o
                0x0000000008005566                BSP_SD_IsDetected
 *fill*         0x0000000008005586        0x2 
 .text.BSP_SD_Init
                0x0000000008005588       0x30 ./FATFS/Target/bsp_driver_sd.o
                0x0000000008005588                BSP_SD_Init
 .text.BSP_PlatformIsDetected
                0x00000000080055b8       0x18 ./FATFS/Target/fatfs_platform.o
                0x00000000080055b8                BSP_PlatformIsDetected
 .text.SD_initialize
                0x00000000080055d0       0x38 ./FATFS/Target/sd_diskio.o
                0x00000000080055d0                SD_initialize
 .text.SD_read  0x0000000008005608       0x24 ./FATFS/Target/sd_diskio.o
                0x0000000008005608                SD_read
 .text.SD_write
                0x000000000800562c       0x24 ./FATFS/Target/sd_diskio.o
                0x000000000800562c                SD_write
 .text.SD_ioctl
                0x0000000008005650       0x58 ./FATFS/Target/sd_diskio.o
                0x0000000008005650                SD_ioctl
 .text.SD_status
                0x00000000080056a8       0x24 ./FATFS/Target/sd_diskio.o
                0x00000000080056a8                SD_status
 .text.USBD_CDC_EP0_RxReady
                0x00000000080056cc       0x3e ./Middlewares/ST/STM32_USB_Device_Library/Class/CDC/Src/usbd_cdc.o
 *fill*         0x000000000800570a        0x2 
 .text.USBD_CDC_GetDeviceQualifierDescriptor
                0x000000000800570c        0xc ./Middlewares/ST/STM32_USB_Device_Library/Class/CDC/Src/usbd_cdc.o
                0x000000000800570c                USBD_CDC_GetDeviceQualifierDescriptor
 .text.USBD_CDC_GetOtherSpeedCfgDesc
                0x0000000008005718       0x48 ./Middlewares/ST/STM32_USB_Device_Library/Class/CDC/Src/usbd_cdc.o
 .text.USBD_CDC_GetFSCfgDesc
                0x0000000008005760       0x48 ./Middlewares/ST/STM32_USB_Device_Library/Class/CDC/Src/usbd_cdc.o
 .text.USBD_CDC_GetHSCfgDesc
                0x00000000080057a8       0x48 ./Middlewares/ST/STM32_USB_Device_Library/Class/CDC/Src/usbd_cdc.o
 .text.USBD_CDC_DataOut
                0x00000000080057f0       0x38 ./Middlewares/ST/STM32_USB_Device_Library/Class/CDC/Src/usbd_cdc.o
 .text.USBD_CDC_DataIn
                0x0000000008005828       0x7e ./Middlewares/ST/STM32_USB_Device_Library/Class/CDC/Src/usbd_cdc.o
 .text.USBD_CDC_Setup
                0x00000000080058a6      0x10e ./Middlewares/ST/STM32_USB_Device_Library/Class/CDC/Src/usbd_cdc.o
 .text.USBD_CDC_DeInit
                0x00000000080059b4       0x60 ./Middlewares/ST/STM32_USB_Device_Library/Class/CDC/Src/usbd_cdc.o
 .text.USBD_CDC_Init
                0x0000000008005a14       0xee ./Middlewares/ST/STM32_USB_Device_Library/Class/CDC/Src/usbd_cdc.o
 .text.USBD_CDC_RegisterInterface
                0x0000000008005b02       0x16 ./Middlewares/ST/STM32_USB_Device_Library/Class/CDC/Src/usbd_cdc.o
                0x0000000008005b02                USBD_CDC_RegisterInterface
 .text.USBD_CDC_SetTxBuffer
                0x0000000008005b18       0x1c ./Middlewares/ST/STM32_USB_Device_Library/Class/CDC/Src/usbd_cdc.o
                0x0000000008005b18                USBD_CDC_SetTxBuffer
 .text.USBD_CDC_SetRxBuffer
                0x0000000008005b34       0x18 ./Middlewares/ST/STM32_USB_Device_Library/Class/CDC/Src/usbd_cdc.o
                0x0000000008005b34                USBD_CDC_SetRxBuffer
 .text.USBD_CDC_TransmitPacket
                0x0000000008005b4c       0x3a ./Middlewares/ST/STM32_USB_Device_Library/Class/CDC/Src/usbd_cdc.o
                0x0000000008005b4c                USBD_CDC_TransmitPacket
 .text.USBD_CDC_ReceivePacket
                0x0000000008005b86       0x38 ./Middlewares/ST/STM32_USB_Device_Library/Class/CDC/Src/usbd_cdc.o
                0x0000000008005b86                USBD_CDC_ReceivePacket
 .text.USBD_Init
                0x0000000008005bbe       0x2e ./Middlewares/ST/STM32_USB_Device_Library/Core/Src/usbd_core.o
                0x0000000008005bbe                USBD_Init
 .text.USBD_RegisterClass
                0x0000000008005bec       0x34 ./Middlewares/ST/STM32_USB_Device_Library/Core/Src/usbd_core.o
                0x0000000008005bec                USBD_RegisterClass
 .text.USBD_Start
                0x0000000008005c20        0x8 ./Middlewares/ST/STM32_USB_Device_Library/Core/Src/usbd_core.o
                0x0000000008005c20                USBD_Start
 .text.USBD_SetClassConfig
                0x0000000008005c28       0x12 ./Middlewares/ST/STM32_USB_Device_Library/Core/Src/usbd_core.o
                0x0000000008005c28                USBD_SetClassConfig
 .text.USBD_ClrClassConfig
                0x0000000008005c3a       0x12 ./Middlewares/ST/STM32_USB_Device_Library/Core/Src/usbd_core.o
                0x0000000008005c3a                USBD_ClrClassConfig
 .text.USBD_LL_SetupStage
                0x0000000008005c4c       0x58 ./Middlewares/ST/STM32_USB_Device_Library/Core/Src/usbd_core.o
                0x0000000008005c4c                USBD_LL_SetupStage
 .text.USBD_LL_DataOutStage
                0x0000000008005ca4       0x88 ./Middlewares/ST/STM32_USB_Device_Library/Core/Src/usbd_core.o
                0x0000000008005ca4                USBD_LL_DataOutStage
 .text.USBD_LL_DataInStage
                0x0000000008005d2c       0xca ./Middlewares/ST/STM32_USB_Device_Library/Core/Src/usbd_core.o
                0x0000000008005d2c                USBD_LL_DataInStage
 .text.USBD_LL_Reset
                0x0000000008005df6       0x62 ./Middlewares/ST/STM32_USB_Device_Library/Core/Src/usbd_core.o
                0x0000000008005df6                USBD_LL_Reset
 .text.USBD_LL_SetSpeed
                0x0000000008005e58        0x6 ./Middlewares/ST/STM32_USB_Device_Library/Core/Src/usbd_core.o
                0x0000000008005e58                USBD_LL_SetSpeed
 .text.USBD_LL_Suspend
                0x0000000008005e5e       0x14 ./Middlewares/ST/STM32_USB_Device_Library/Core/Src/usbd_core.o
                0x0000000008005e5e                USBD_LL_Suspend
 .text.USBD_LL_Resume
                0x0000000008005e72       0x1a ./Middlewares/ST/STM32_USB_Device_Library/Core/Src/usbd_core.o
                0x0000000008005e72                USBD_LL_Resume
 .text.USBD_LL_SOF
                0x0000000008005e8c       0x22 ./Middlewares/ST/STM32_USB_Device_Library/Core/Src/usbd_core.o
                0x0000000008005e8c                USBD_LL_SOF
 .text.USBD_LL_IsoINIncomplete
                0x0000000008005eae       0x2e ./Middlewares/ST/STM32_USB_Device_Library/Core/Src/usbd_core.o
                0x0000000008005eae                USBD_LL_IsoINIncomplete
 .text.USBD_LL_IsoOUTIncomplete
                0x0000000008005edc       0x2e ./Middlewares/ST/STM32_USB_Device_Library/Core/Src/usbd_core.o
                0x0000000008005edc                USBD_LL_IsoOUTIncomplete
 .text.USBD_LL_DevConnected
                0x0000000008005f0a        0x4 ./Middlewares/ST/STM32_USB_Device_Library/Core/Src/usbd_core.o
                0x0000000008005f0a                USBD_LL_DevConnected
 .text.USBD_LL_DevDisconnected
                0x0000000008005f0e       0x20 ./Middlewares/ST/STM32_USB_Device_Library/Core/Src/usbd_core.o
                0x0000000008005f0e                USBD_LL_DevDisconnected
 .text.USBD_CoreFindIF
                0x0000000008005f2e        0x4 ./Middlewares/ST/STM32_USB_Device_Library/Core/Src/usbd_core.o
                0x0000000008005f2e                USBD_CoreFindIF
 .text.USBD_CoreFindEP
                0x0000000008005f32        0x4 ./Middlewares/ST/STM32_USB_Device_Library/Core/Src/usbd_core.o
                0x0000000008005f32                USBD_CoreFindEP
 .text.USBD_GetEpDesc
                0x0000000008005f36       0x2c ./Middlewares/ST/STM32_USB_Device_Library/Core/Src/usbd_core.o
                0x0000000008005f36                USBD_GetEpDesc
 .text.USBD_ParseSetupRequest
                0x0000000008005f62       0x28 ./Middlewares/ST/STM32_USB_Device_Library/Core/Src/usbd_ctlreq.o
                0x0000000008005f62                USBD_ParseSetupRequest
 .text.USBD_CtlError
                0x0000000008005f8a       0x14 ./Middlewares/ST/STM32_USB_Device_Library/Core/Src/usbd_ctlreq.o
                0x0000000008005f8a                USBD_CtlError
 *fill*         0x0000000008005f9e        0x2 
 .text.USBD_StdDevReq
                0x0000000008005fa0      0x3c0 ./Middlewares/ST/STM32_USB_Device_Library/Core/Src/usbd_ctlreq.o
                0x0000000008005fa0                USBD_StdDevReq
 .text.USBD_StdItfReq
                0x0000000008006360       0x82 ./Middlewares/ST/STM32_USB_Device_Library/Core/Src/usbd_ctlreq.o
                0x0000000008006360                USBD_StdItfReq
 .text.USBD_StdEPReq
                0x00000000080063e2      0x1fc ./Middlewares/ST/STM32_USB_Device_Library/Core/Src/usbd_ctlreq.o
                0x00000000080063e2                USBD_StdEPReq
 .text.USBD_GetString
                0x00000000080065de       0x4c ./Middlewares/ST/STM32_USB_Device_Library/Core/Src/usbd_ctlreq.o
                0x00000000080065de                USBD_GetString
 .text.USBD_CtlSendData
                0x000000000800662a       0x1a ./Middlewares/ST/STM32_USB_Device_Library/Core/Src/usbd_ioreq.o
                0x000000000800662a                USBD_CtlSendData
 .text.USBD_CtlContinueSendData
                0x0000000008006644       0x10 ./Middlewares/ST/STM32_USB_Device_Library/Core/Src/usbd_ioreq.o
                0x0000000008006644                USBD_CtlContinueSendData
 .text.USBD_CtlPrepareRx
                0x0000000008006654       0x1e ./Middlewares/ST/STM32_USB_Device_Library/Core/Src/usbd_ioreq.o
                0x0000000008006654                USBD_CtlPrepareRx
 .text.USBD_CtlContinueRx
                0x0000000008006672       0x10 ./Middlewares/ST/STM32_USB_Device_Library/Core/Src/usbd_ioreq.o
                0x0000000008006672                USBD_CtlContinueRx
 .text.USBD_CtlSendStatus
                0x0000000008006682       0x16 ./Middlewares/ST/STM32_USB_Device_Library/Core/Src/usbd_ioreq.o
                0x0000000008006682                USBD_CtlSendStatus
 .text.USBD_CtlReceiveStatus
                0x0000000008006698       0x16 ./Middlewares/ST/STM32_USB_Device_Library/Core/Src/usbd_ioreq.o
                0x0000000008006698                USBD_CtlReceiveStatus
 *fill*         0x00000000080066ae        0x2 
 .text.disk_status
                0x00000000080066b0       0x18 ./Middlewares/Third_Party/FatFs/src/diskio.o
                0x00000000080066b0                disk_status
 .text.disk_initialize
                0x00000000080066c8       0x28 ./Middlewares/Third_Party/FatFs/src/diskio.o
                0x00000000080066c8                disk_initialize
 .text.disk_read
                0x00000000080066f0       0x1c ./Middlewares/Third_Party/FatFs/src/diskio.o
                0x00000000080066f0                disk_read
 .text.disk_write
                0x000000000800670c       0x1c ./Middlewares/Third_Party/FatFs/src/diskio.o
                0x000000000800670c                disk_write
 .text.disk_ioctl
                0x0000000008006728       0x1c ./Middlewares/Third_Party/FatFs/src/diskio.o
                0x0000000008006728                disk_ioctl
 .text.ld_dword
                0x0000000008006744       0x16 ./Middlewares/Third_Party/FatFs/src/ff.o
 .text.st_dword
                0x000000000800675a       0x10 ./Middlewares/Third_Party/FatFs/src/ff.o
 .text.mem_cpy  0x000000000800676a       0x14 ./Middlewares/Third_Party/FatFs/src/ff.o
 .text.mem_set  0x000000000800677e        0xc ./Middlewares/Third_Party/FatFs/src/ff.o
 *fill*         0x000000000800678a        0x2 
 .text.chk_lock
                0x000000000800678c       0x90 ./Middlewares/Third_Party/FatFs/src/ff.o
 .text.inc_lock
                0x000000000800681c       0xb8 ./Middlewares/Third_Party/FatFs/src/ff.o
 .text.dec_lock
                0x00000000080068d4       0x44 ./Middlewares/Third_Party/FatFs/src/ff.o
 .text.clear_lock
                0x0000000008006918       0x28 ./Middlewares/Third_Party/FatFs/src/ff.o
 .text.clust2sect
                0x0000000008006940       0x16 ./Middlewares/Third_Party/FatFs/src/ff.o
 .text.clmt_clust
                0x0000000008006956       0x28 ./Middlewares/Third_Party/FatFs/src/ff.o
 .text.get_fileinfo
                0x000000000800697e       0x6e ./Middlewares/Third_Party/FatFs/src/ff.o
 .text.get_ldnumber
                0x00000000080069ec       0x54 ./Middlewares/Third_Party/FatFs/src/ff.o
 .text.validate
                0x0000000008006a40       0x46 ./Middlewares/Third_Party/FatFs/src/ff.o
 .text.sync_window
                0x0000000008006a86       0x5a ./Middlewares/Third_Party/FatFs/src/ff.o
 .text.move_window
                0x0000000008006ae0       0x34 ./Middlewares/Third_Party/FatFs/src/ff.o
 .text.sync_fs  0x0000000008006b14       0x88 ./Middlewares/Third_Party/FatFs/src/ff.o
 .text.put_fat  0x0000000008006b9c      0x12c ./Middlewares/Third_Party/FatFs/src/ff.o
 .text.st_clust
                0x0000000008006cc8       0x1a ./Middlewares/Third_Party/FatFs/src/ff.o
 .text.get_fat  0x0000000008006ce2       0xd0 ./Middlewares/Third_Party/FatFs/src/ff.o
 .text.dir_sdi  0x0000000008006db2       0xa8 ./Middlewares/Third_Party/FatFs/src/ff.o
 .text.create_chain
                0x0000000008006e5a       0xc4 ./Middlewares/Third_Party/FatFs/src/ff.o
 .text.remove_chain
                0x0000000008006f1e       0x92 ./Middlewares/Third_Party/FatFs/src/ff.o
 .text.dir_next
                0x0000000008006fb0      0x108 ./Middlewares/Third_Party/FatFs/src/ff.o
 .text.dir_register
                0x00000000080070b8       0x72 ./Middlewares/Third_Party/FatFs/src/ff.o
 *fill*         0x000000000800712a        0x2 
 .text.check_fs
                0x000000000800712c       0x80 ./Middlewares/Third_Party/FatFs/src/ff.o
 .text.find_volume
                0x00000000080071ac      0x350 ./Middlewares/Third_Party/FatFs/src/ff.o
 .text.ld_clust
                0x00000000080074fc       0x20 ./Middlewares/Third_Party/FatFs/src/ff.o
 .text.follow_path
                0x000000000800751c      0x1dc ./Middlewares/Third_Party/FatFs/src/ff.o
 .text.f_mount  0x00000000080076f8       0x68 ./Middlewares/Third_Party/FatFs/src/ff.o
                0x00000000080076f8                f_mount
 .text.f_open   0x0000000008007760      0x24c ./Middlewares/Third_Party/FatFs/src/ff.o
                0x0000000008007760                f_open
 .text.f_write  0x00000000080079ac      0x1d4 ./Middlewares/Third_Party/FatFs/src/ff.o
                0x00000000080079ac                f_write
 .text.f_sync   0x0000000008007b80       0x94 ./Middlewares/Third_Party/FatFs/src/ff.o
                0x0000000008007b80                f_sync
 .text.f_close  0x0000000008007c14       0x2a ./Middlewares/Third_Party/FatFs/src/ff.o
                0x0000000008007c14                f_close
 .text.f_stat   0x0000000008007c3e       0x44 ./Middlewares/Third_Party/FatFs/src/ff.o
                0x0000000008007c3e                f_stat
 *fill*         0x0000000008007c82        0x2 
 .text.FATFS_LinkDriverEx
                0x0000000008007c84       0x54 ./Middlewares/Third_Party/FatFs/src/ff_gen_drv.o
                0x0000000008007c84                FATFS_LinkDriverEx
 .text.FATFS_LinkDriver
                0x0000000008007cd8        0xa ./Middlewares/Third_Party/FatFs/src/ff_gen_drv.o
                0x0000000008007cd8                FATFS_LinkDriver
 *fill*         0x0000000008007ce2        0x2 
 .text.MX_USB_DEVICE_Init
                0x0000000008007ce4       0x54 ./USB_DEVICE/App/usb_device.o
                0x0000000008007ce4                MX_USB_DEVICE_Init
 .text.CDC_DeInit_FS
                0x0000000008007d38        0x4 ./USB_DEVICE/App/usbd_cdc_if.o
 .text.CDC_Control_FS
                0x0000000008007d3c        0x4 ./USB_DEVICE/App/usbd_cdc_if.o
 .text.CDC_TransmitCplt_FS
                0x0000000008007d40        0x4 ./USB_DEVICE/App/usbd_cdc_if.o
 .text.CDC_Receive_FS
                0x0000000008007d44       0x1c ./USB_DEVICE/App/usbd_cdc_if.o
 .text.CDC_Init_FS
                0x0000000008007d60       0x28 ./USB_DEVICE/App/usbd_cdc_if.o
 .text.CDC_Transmit_FS
                0x0000000008007d88       0x2c ./USB_DEVICE/App/usbd_cdc_if.o
                0x0000000008007d88                CDC_Transmit_FS
 .text.USBD_FS_DeviceDescriptor
                0x0000000008007db4        0xc ./USB_DEVICE/App/usbd_desc.o
                0x0000000008007db4                USBD_FS_DeviceDescriptor
 .text.USBD_FS_LangIDStrDescriptor
                0x0000000008007dc0        0xc ./USB_DEVICE/App/usbd_desc.o
                0x0000000008007dc0                USBD_FS_LangIDStrDescriptor
 .text.IntToUnicode
                0x0000000008007dcc       0x32 ./USB_DEVICE/App/usbd_desc.o
 *fill*         0x0000000008007dfe        0x2 
 .text.USBD_FS_SerialStrDescriptor
                0x0000000008007e00       0x40 ./USB_DEVICE/App/usbd_desc.o
                0x0000000008007e00                USBD_FS_SerialStrDescriptor
 .text.USBD_FS_ProductStrDescriptor
                0x0000000008007e40       0x18 ./USB_DEVICE/App/usbd_desc.o
                0x0000000008007e40                USBD_FS_ProductStrDescriptor
 .text.USBD_FS_ManufacturerStrDescriptor
                0x0000000008007e58       0x1c ./USB_DEVICE/App/usbd_desc.o
                0x0000000008007e58                USBD_FS_ManufacturerStrDescriptor
 .text.USBD_FS_ConfigStrDescriptor
                0x0000000008007e74       0x18 ./USB_DEVICE/App/usbd_desc.o
                0x0000000008007e74                USBD_FS_ConfigStrDescriptor
 .text.USBD_FS_InterfaceStrDescriptor
                0x0000000008007e8c       0x18 ./USB_DEVICE/App/usbd_desc.o
                0x0000000008007e8c                USBD_FS_InterfaceStrDescriptor
 .text.HAL_PCD_MspInit
                0x0000000008007ea4       0x84 ./USB_DEVICE/Target/usbd_conf.o
                0x0000000008007ea4                HAL_PCD_MspInit
 .text.HAL_PCD_SetupStageCallback
                0x0000000008007f28       0x10 ./USB_DEVICE/Target/usbd_conf.o
                0x0000000008007f28                HAL_PCD_SetupStageCallback
 .text.HAL_PCD_DataOutStageCallback
                0x0000000008007f38       0x18 ./USB_DEVICE/Target/usbd_conf.o
                0x0000000008007f38                HAL_PCD_DataOutStageCallback
 .text.HAL_PCD_DataInStageCallback
                0x0000000008007f50       0x16 ./USB_DEVICE/Target/usbd_conf.o
                0x0000000008007f50                HAL_PCD_DataInStageCallback
 .text.HAL_PCD_SOFCallback
                0x0000000008007f66        0xc ./USB_DEVICE/Target/usbd_conf.o
                0x0000000008007f66                HAL_PCD_SOFCallback
 .text.HAL_PCD_ResetCallback
                0x0000000008007f72       0x2c ./USB_DEVICE/Target/usbd_conf.o
                0x0000000008007f72                HAL_PCD_ResetCallback
 *fill*         0x0000000008007f9e        0x2 
 .text.HAL_PCD_SuspendCallback
                0x0000000008007fa0       0x30 ./USB_DEVICE/Target/usbd_conf.o
                0x0000000008007fa0                HAL_PCD_SuspendCallback
 .text.HAL_PCD_ResumeCallback
                0x0000000008007fd0        0xc ./USB_DEVICE/Target/usbd_conf.o
                0x0000000008007fd0                HAL_PCD_ResumeCallback
 .text.HAL_PCD_ISOOUTIncompleteCallback
                0x0000000008007fdc        0xc ./USB_DEVICE/Target/usbd_conf.o
                0x0000000008007fdc                HAL_PCD_ISOOUTIncompleteCallback
 .text.HAL_PCD_ISOINIncompleteCallback
                0x0000000008007fe8        0xc ./USB_DEVICE/Target/usbd_conf.o
                0x0000000008007fe8                HAL_PCD_ISOINIncompleteCallback
 .text.HAL_PCD_ConnectCallback
                0x0000000008007ff4        0xc ./USB_DEVICE/Target/usbd_conf.o
                0x0000000008007ff4                HAL_PCD_ConnectCallback
 .text.HAL_PCD_DisconnectCallback
                0x0000000008008000        0xc ./USB_DEVICE/Target/usbd_conf.o
                0x0000000008008000                HAL_PCD_DisconnectCallback
 .text.USBD_LL_Init
                0x000000000800800c       0x68 ./USB_DEVICE/Target/usbd_conf.o
                0x000000000800800c                USBD_LL_Init
 .text.USBD_LL_IsStallEP
                0x0000000008008074       0x20 ./USB_DEVICE/Target/usbd_conf.o
                0x0000000008008074                USBD_LL_IsStallEP
 .text.USBD_LL_GetRxDataSize
                0x0000000008008094        0xc ./USB_DEVICE/Target/usbd_conf.o
                0x0000000008008094                USBD_LL_GetRxDataSize
 .text.USBD_static_malloc
                0x00000000080080a0        0x8 ./USB_DEVICE/Target/usbd_conf.o
                0x00000000080080a0                USBD_static_malloc
 .text.USBD_static_free
                0x00000000080080a8        0x2 ./USB_DEVICE/Target/usbd_conf.o
                0x00000000080080a8                USBD_static_free
 .text.USBD_Get_USB_Status
                0x00000000080080aa        0xe ./USB_DEVICE/Target/usbd_conf.o
                0x00000000080080aa                USBD_Get_USB_Status
 .text.USBD_LL_Start
                0x00000000080080b8       0x10 ./USB_DEVICE/Target/usbd_conf.o
                0x00000000080080b8                USBD_LL_Start
 .text.USBD_LL_OpenEP
                0x00000000080080c8       0x16 ./USB_DEVICE/Target/usbd_conf.o
                0x00000000080080c8                USBD_LL_OpenEP
 .text.USBD_LL_CloseEP
                0x00000000080080de       0x10 ./USB_DEVICE/Target/usbd_conf.o
                0x00000000080080de                USBD_LL_CloseEP
 .text.USBD_LL_StallEP
                0x00000000080080ee       0x10 ./USB_DEVICE/Target/usbd_conf.o
                0x00000000080080ee                USBD_LL_StallEP
 .text.USBD_LL_ClearStallEP
                0x00000000080080fe       0x10 ./USB_DEVICE/Target/usbd_conf.o
                0x00000000080080fe                USBD_LL_ClearStallEP
 .text.USBD_LL_SetUSBAddress
                0x000000000800810e       0x10 ./USB_DEVICE/Target/usbd_conf.o
                0x000000000800810e                USBD_LL_SetUSBAddress
 .text.USBD_LL_Transmit
                0x000000000800811e       0x10 ./USB_DEVICE/Target/usbd_conf.o
                0x000000000800811e                USBD_LL_Transmit
 .text.USBD_LL_PrepareReceive
                0x000000000800812e       0x10 ./USB_DEVICE/Target/usbd_conf.o
                0x000000000800812e                USBD_LL_PrepareReceive
 *fill*         0x000000000800813e        0x2 
 .text.__errno  0x0000000008008140        0xc /home/liam/st/stm32cubeide_1.10.0/plugins/com.st.stm32cube.ide.mcu.externaltools.gnu-tools-for-stm32.10.3-2021.10.linux64_1.0.0.202111181127/tools/bin/../lib/gcc/arm-none-eabi/10.3.1/../../../../arm-none-eabi/lib/thumb/v7e-m+fp/hard/libc_nano.a(lib_a-errno.o)
                0x0000000008008140                __errno
 .text.__libc_init_array
                0x000000000800814c       0x48 /home/liam/st/stm32cubeide_1.10.0/plugins/com.st.stm32cube.ide.mcu.externaltools.gnu-tools-for-stm32.10.3-2021.10.linux64_1.0.0.202111181127/tools/bin/../lib/gcc/arm-none-eabi/10.3.1/../../../../arm-none-eabi/lib/thumb/v7e-m+fp/hard/libc_nano.a(lib_a-init.o)
                0x000000000800814c                __libc_init_array
 .text.memcpy   0x0000000008008194       0x1c /home/liam/st/stm32cubeide_1.10.0/plugins/com.st.stm32cube.ide.mcu.externaltools.gnu-tools-for-stm32.10.3-2021.10.linux64_1.0.0.202111181127/tools/bin/../lib/gcc/arm-none-eabi/10.3.1/../../../../arm-none-eabi/lib/thumb/v7e-m+fp/hard/libc_nano.a(lib_a-memcpy-stub.o)
                0x0000000008008194                memcpy
 .text.memset   0x00000000080081b0       0x10 /home/liam/st/stm32cubeide_1.10.0/plugins/com.st.stm32cube.ide.mcu.externaltools.gnu-tools-for-stm32.10.3-2021.10.linux64_1.0.0.202111181127/tools/bin/../lib/gcc/arm-none-eabi/10.3.1/../../../../arm-none-eabi/lib/thumb/v7e-m+fp/hard/libc_nano.a(lib_a-memset.o)
                0x00000000080081b0                memset
 .text.sprintf  0x00000000080081c0       0x40 /home/liam/st/stm32cubeide_1.10.0/plugins/com.st.stm32cube.ide.mcu.externaltools.gnu-tools-for-stm32.10.3-2021.10.linux64_1.0.0.202111181127/tools/bin/../lib/gcc/arm-none-eabi/10.3.1/../../../../arm-none-eabi/lib/thumb/v7e-m+fp/hard/libc_nano.a(lib_a-sprintf.o)
                0x00000000080081c0                sprintf
                0x00000000080081c0                siprintf
 .text.__ssputs_r
                0x0000000008008200       0xb6 /home/liam/st/stm32cubeide_1.10.0/plugins/com.st.stm32cube.ide.mcu.externaltools.gnu-tools-for-stm32.10.3-2021.10.linux64_1.0.0.202111181127/tools/bin/../lib/gcc/arm-none-eabi/10.3.1/../../../../arm-none-eabi/lib/thumb/v7e-m+fp/hard/libc_nano.a(lib_a-nano-svfprintf.o)
                0x0000000008008200                __ssputs_r
 *fill*         0x00000000080082b6        0x2 
 .text._svfprintf_r
                0x00000000080082b8      0x200 /home/liam/st/stm32cubeide_1.10.0/plugins/com.st.stm32cube.ide.mcu.externaltools.gnu-tools-for-stm32.10.3-2021.10.linux64_1.0.0.202111181127/tools/bin/../lib/gcc/arm-none-eabi/10.3.1/../../../../arm-none-eabi/lib/thumb/v7e-m+fp/hard/libc_nano.a(lib_a-nano-svfprintf.o)
                0x00000000080082b8                _svfprintf_r
                0x00000000080082b8                _svfiprintf_r
 .text._printf_common
                0x00000000080084b8       0xda /home/liam/st/stm32cubeide_1.10.0/plugins/com.st.stm32cube.ide.mcu.externaltools.gnu-tools-for-stm32.10.3-2021.10.linux64_1.0.0.202111181127/tools/bin/../lib/gcc/arm-none-eabi/10.3.1/../../../../arm-none-eabi/lib/thumb/v7e-m+fp/hard/libc_nano.a(lib_a-nano-vfprintf_i.o)
                0x00000000080084b8                _printf_common
 *fill*         0x0000000008008592        0x2 
 .text._printf_i
                0x0000000008008594      0x24c /home/liam/st/stm32cubeide_1.10.0/plugins/com.st.stm32cube.ide.mcu.externaltools.gnu-tools-for-stm32.10.3-2021.10.linux64_1.0.0.202111181127/tools/bin/../lib/gcc/arm-none-eabi/10.3.1/../../../../arm-none-eabi/lib/thumb/v7e-m+fp/hard/libc_nano.a(lib_a-nano-vfprintf_i.o)
                0x0000000008008594                _printf_i
 .text.memmove  0x00000000080087e0       0x34 /home/liam/st/stm32cubeide_1.10.0/plugins/com.st.stm32cube.ide.mcu.externaltools.gnu-tools-for-stm32.10.3-2021.10.linux64_1.0.0.202111181127/tools/bin/../lib/gcc/arm-none-eabi/10.3.1/../../../../arm-none-eabi/lib/thumb/v7e-m+fp/hard/libc_nano.a(lib_a-memmove.o)
                0x00000000080087e0                memmove
 .text._free_r  0x0000000008008814       0x98 /home/liam/st/stm32cubeide_1.10.0/plugins/com.st.stm32cube.ide.mcu.externaltools.gnu-tools-for-stm32.10.3-2021.10.linux64_1.0.0.202111181127/tools/bin/../lib/gcc/arm-none-eabi/10.3.1/../../../../arm-none-eabi/lib/thumb/v7e-m+fp/hard/libc_nano.a(lib_a-nano-freer.o)
                0x0000000008008814                _free_r
 .text.sbrk_aligned
                0x00000000080088ac       0x40 /home/liam/st/stm32cubeide_1.10.0/plugins/com.st.stm32cube.ide.mcu.externaltools.gnu-tools-for-stm32.10.3-2021.10.linux64_1.0.0.202111181127/tools/bin/../lib/gcc/arm-none-eabi/10.3.1/../../../../arm-none-eabi/lib/thumb/v7e-m+fp/hard/libc_nano.a(lib_a-nano-mallocr.o)
 .text._malloc_r
                0x00000000080088ec       0xe8 /home/liam/st/stm32cubeide_1.10.0/plugins/com.st.stm32cube.ide.mcu.externaltools.gnu-tools-for-stm32.10.3-2021.10.linux64_1.0.0.202111181127/tools/bin/../lib/gcc/arm-none-eabi/10.3.1/../../../../arm-none-eabi/lib/thumb/v7e-m+fp/hard/libc_nano.a(lib_a-nano-mallocr.o)
                0x00000000080088ec                _malloc_r
 .text._realloc_r
                0x00000000080089d4       0x5e /home/liam/st/stm32cubeide_1.10.0/plugins/com.st.stm32cube.ide.mcu.externaltools.gnu-tools-for-stm32.10.3-2021.10.linux64_1.0.0.202111181127/tools/bin/../lib/gcc/arm-none-eabi/10.3.1/../../../../arm-none-eabi/lib/thumb/v7e-m+fp/hard/libc_nano.a(lib_a-nano-reallocr.o)
                0x00000000080089d4                _realloc_r
 *fill*         0x0000000008008a32        0x2 
 .text._sbrk_r  0x0000000008008a34       0x20 /home/liam/st/stm32cubeide_1.10.0/plugins/com.st.stm32cube.ide.mcu.externaltools.gnu-tools-for-stm32.10.3-2021.10.linux64_1.0.0.202111181127/tools/bin/../lib/gcc/arm-none-eabi/10.3.1/../../../../arm-none-eabi/lib/thumb/v7e-m+fp/hard/libc_nano.a(lib_a-sbrkr.o)
                0x0000000008008a34                _sbrk_r
 .text.__malloc_lock
                0x0000000008008a54        0xc /home/liam/st/stm32cubeide_1.10.0/plugins/com.st.stm32cube.ide.mcu.externaltools.gnu-tools-for-stm32.10.3-2021.10.linux64_1.0.0.202111181127/tools/bin/../lib/gcc/arm-none-eabi/10.3.1/../../../../arm-none-eabi/lib/thumb/v7e-m+fp/hard/libc_nano.a(lib_a-mlock.o)
                0x0000000008008a54                __malloc_lock
 .text.__malloc_unlock
                0x0000000008008a60        0xc /home/liam/st/stm32cubeide_1.10.0/plugins/com.st.stm32cube.ide.mcu.externaltools.gnu-tools-for-stm32.10.3-2021.10.linux64_1.0.0.202111181127/tools/bin/../lib/gcc/arm-none-eabi/10.3.1/../../../../arm-none-eabi/lib/thumb/v7e-m+fp/hard/libc_nano.a(lib_a-mlock.o)
                0x0000000008008a60                __malloc_unlock
 .text._malloc_usable_size_r
                0x0000000008008a6c       0x10 /home/liam/st/stm32cubeide_1.10.0/plugins/com.st.stm32cube.ide.mcu.externaltools.gnu-tools-for-stm32.10.3-2021.10.linux64_1.0.0.202111181127/tools/bin/../lib/gcc/arm-none-eabi/10.3.1/../../../../arm-none-eabi/lib/thumb/v7e-m+fp/hard/libc_nano.a(lib_a-nano-msizer.o)
                0x0000000008008a6c                _malloc_usable_size_r
 .text.__retarget_lock_acquire_recursive
                0x0000000008008a7c        0x2 /home/liam/st/stm32cubeide_1.10.0/plugins/com.st.stm32cube.ide.mcu.externaltools.gnu-tools-for-stm32.10.3-2021.10.linux64_1.0.0.202111181127/tools/bin/../lib/gcc/arm-none-eabi/10.3.1/../../../../arm-none-eabi/lib/thumb/v7e-m+fp/hard/libc_nano.a(lib_a-lock.o)
                0x0000000008008a7c                __retarget_lock_acquire_recursive
 .text.__retarget_lock_release_recursive
                0x0000000008008a7e        0x2 /home/liam/st/stm32cubeide_1.10.0/plugins/com.st.stm32cube.ide.mcu.externaltools.gnu-tools-for-stm32.10.3-2021.10.linux64_1.0.0.202111181127/tools/bin/../lib/gcc/arm-none-eabi/10.3.1/../../../../arm-none-eabi/lib/thumb/v7e-m+fp/hard/libc_nano.a(lib_a-lock.o)
                0x0000000008008a7e                __retarget_lock_release_recursive
 *(.glue_7)
 .glue_7        0x0000000008008a80        0x0 linker stubs
 *(.glue_7t)
 .glue_7t       0x0000000008008a80        0x0 linker stubs
 *(.eh_frame)
 .eh_frame      0x0000000008008a80        0x0 /home/liam/st/stm32cubeide_1.10.0/plugins/com.st.stm32cube.ide.mcu.externaltools.gnu-tools-for-stm32.10.3-2021.10.linux64_1.0.0.202111181127/tools/bin/../lib/gcc/arm-none-eabi/10.3.1/thumb/v7e-m+fp/hard/crtbegin.o
 *(.init)
 .init          0x0000000008008a80        0x4 /home/liam/st/stm32cubeide_1.10.0/plugins/com.st.stm32cube.ide.mcu.externaltools.gnu-tools-for-stm32.10.3-2021.10.linux64_1.0.0.202111181127/tools/bin/../lib/gcc/arm-none-eabi/10.3.1/thumb/v7e-m+fp/hard/crti.o
                0x0000000008008a80                _init
 .init          0x0000000008008a84        0x8 /home/liam/st/stm32cubeide_1.10.0/plugins/com.st.stm32cube.ide.mcu.externaltools.gnu-tools-for-stm32.10.3-2021.10.linux64_1.0.0.202111181127/tools/bin/../lib/gcc/arm-none-eabi/10.3.1/thumb/v7e-m+fp/hard/crtn.o
 *(.fini)
 .fini          0x0000000008008a8c        0x4 /home/liam/st/stm32cubeide_1.10.0/plugins/com.st.stm32cube.ide.mcu.externaltools.gnu-tools-for-stm32.10.3-2021.10.linux64_1.0.0.202111181127/tools/bin/../lib/gcc/arm-none-eabi/10.3.1/thumb/v7e-m+fp/hard/crti.o
                0x0000000008008a8c                _fini
 .fini          0x0000000008008a90        0x8 /home/liam/st/stm32cubeide_1.10.0/plugins/com.st.stm32cube.ide.mcu.externaltools.gnu-tools-for-stm32.10.3-2021.10.linux64_1.0.0.202111181127/tools/bin/../lib/gcc/arm-none-eabi/10.3.1/thumb/v7e-m+fp/hard/crtn.o
                0x0000000008008a98                . = ALIGN (0x4)
                0x0000000008008a98                _etext = .

.vfp11_veneer   0x0000000008008a98        0x0
 .vfp11_veneer  0x0000000008008a98        0x0 linker stubs

.v4_bx          0x0000000008008a98        0x0
 .v4_bx         0x0000000008008a98        0x0 linker stubs

.iplt           0x0000000008008a98        0x0
 .iplt          0x0000000008008a98        0x0 /home/liam/st/stm32cubeide_1.10.0/plugins/com.st.stm32cube.ide.mcu.externaltools.gnu-tools-for-stm32.10.3-2021.10.linux64_1.0.0.202111181127/tools/bin/../lib/gcc/arm-none-eabi/10.3.1/thumb/v7e-m+fp/hard/crtbegin.o

.rodata         0x0000000008008a98      0x32c
                0x0000000008008a98                . = ALIGN (0x4)
 *(.rodata)
 *(.rodata*)
 .rodata.processPPS.str1.4
                0x0000000008008a98       0x13 ./Core/Src/main.o
 *fill*         0x0000000008008aab        0x1 
 .rodata.freshBlockCallback.str1.4
                0x0000000008008aac       0x62 ./Core/Src/main.o
 *fill*         0x0000000008008b0e        0x2 
 .rodata.openNextFile.str1.4
                0x0000000008008b10       0x44 ./Core/Src/main.o
                                         0x46 (size before relaxing)
 .rodata.main.str1.4
                0x0000000008008b54      0x138 ./Core/Src/main.o
                                        0x13c (size before relaxing)
 .rodata.AHBPrescTable
                0x0000000008008c8c       0x10 ./Core/Src/system_stm32f4xx.o
                0x0000000008008c8c                AHBPrescTable
 .rodata.flagBitshiftOffset.0
                0x0000000008008c9c        0x8 ./Drivers/STM32F4xx_HAL_Driver/Src/stm32f4xx_hal_dma.o
 .rodata.SD_Driver
                0x0000000008008ca4       0x14 ./FATFS/Target/sd_diskio.o
                0x0000000008008ca4                SD_Driver
 .rodata.follow_path.str1.4
                0x0000000008008cb8        0xf ./Middlewares/Third_Party/FatFs/src/ff.o
 *fill*         0x0000000008008cc7        0x1 
 .rodata.ExCvt  0x0000000008008cc8       0x80 ./Middlewares/Third_Party/FatFs/src/ff.o
 .rodata.USBD_FS_ProductStrDescriptor.str1.4
                0x0000000008008d48       0x16 ./USB_DEVICE/App/usbd_desc.o
 *fill*         0x0000000008008d5e        0x2 
 .rodata.USBD_FS_ManufacturerStrDescriptor.str1.4
                0x0000000008008d60       0x13 ./USB_DEVICE/App/usbd_desc.o
 *fill*         0x0000000008008d73        0x1 
 .rodata.USBD_FS_ConfigStrDescriptor.str1.4
                0x0000000008008d74        0xb ./USB_DEVICE/App/usbd_desc.o
 *fill*         0x0000000008008d7f        0x1 
 .rodata.USBD_FS_InterfaceStrDescriptor.str1.4
                0x0000000008008d80        0xe ./USB_DEVICE/App/usbd_desc.o
 .rodata._svfprintf_r.str1.1
                0x0000000008008d8e       0x11 /home/liam/st/stm32cubeide_1.10.0/plugins/com.st.stm32cube.ide.mcu.externaltools.gnu-tools-for-stm32.10.3-2021.10.linux64_1.0.0.202111181127/tools/bin/../lib/gcc/arm-none-eabi/10.3.1/../../../../arm-none-eabi/lib/thumb/v7e-m+fp/hard/libc_nano.a(lib_a-nano-svfprintf.o)
 .rodata._printf_i.str1.1
                0x0000000008008d9f       0x22 /home/liam/st/stm32cubeide_1.10.0/plugins/com.st.stm32cube.ide.mcu.externaltools.gnu-tools-for-stm32.10.3-2021.10.linux64_1.0.0.202111181127/tools/bin/../lib/gcc/arm-none-eabi/10.3.1/../../../../arm-none-eabi/lib/thumb/v7e-m+fp/hard/libc_nano.a(lib_a-nano-vfprintf_i.o)
                0x0000000008008dc4                . = ALIGN (0x4)
 *fill*         0x0000000008008dc1        0x3 

.ARM.extab      0x0000000008008dc4        0x0
                0x0000000008008dc4                . = ALIGN (0x4)
 *(.ARM.extab* .gnu.linkonce.armextab.*)
                0x0000000008008dc4                . = ALIGN (0x4)

.ARM            0x0000000008008dc4        0x8
                0x0000000008008dc4                . = ALIGN (0x4)
                0x0000000008008dc4                __exidx_start = .
 *(.ARM.exidx*)
 .ARM.exidx     0x0000000008008dc4        0x8 /home/liam/st/stm32cubeide_1.10.0/plugins/com.st.stm32cube.ide.mcu.externaltools.gnu-tools-for-stm32.10.3-2021.10.linux64_1.0.0.202111181127/tools/bin/../lib/gcc/arm-none-eabi/10.3.1/thumb/v7e-m+fp/hard/libgcc.a(_udivmoddi4.o)
                0x0000000008008dcc                __exidx_end = .
                0x0000000008008dcc                . = ALIGN (0x4)

.rel.dyn        0x0000000008008dcc        0x0
 .rel.iplt      0x0000000008008dcc        0x0 /home/liam/st/stm32cubeide_1.10.0/plugins/com.st.stm32cube.ide.mcu.externaltools.gnu-tools-for-stm32.10.3-2021.10.linux64_1.0.0.202111181127/tools/bin/../lib/gcc/arm-none-eabi/10.3.1/thumb/v7e-m+fp/hard/crtbegin.o

.preinit_array  0x0000000008008dcc        0x0
                0x0000000008008dcc                . = ALIGN (0x4)
                0x0000000008008dcc                PROVIDE (__preinit_array_start = .)
 *(.preinit_array*)
                0x0000000008008dcc                PROVIDE (__preinit_array_end = .)
                0x0000000008008dcc                . = ALIGN (0x4)

.init_array     0x0000000008008dcc        0x4
                0x0000000008008dcc                . = ALIGN (0x4)
                0x0000000008008dcc                PROVIDE (__init_array_start = .)
 *(SORT_BY_NAME(.init_array.*))
 *(.init_array*)
 .init_array    0x0000000008008dcc        0x4 /home/liam/st/stm32cubeide_1.10.0/plugins/com.st.stm32cube.ide.mcu.externaltools.gnu-tools-for-stm32.10.3-2021.10.linux64_1.0.0.202111181127/tools/bin/../lib/gcc/arm-none-eabi/10.3.1/thumb/v7e-m+fp/hard/crtbegin.o
                0x0000000008008dd0                PROVIDE (__init_array_end = .)
                0x0000000008008dd0                . = ALIGN (0x4)

.fini_array     0x0000000008008dd0        0x4
                0x0000000008008dd0                . = ALIGN (0x4)
                [!provide]                        PROVIDE (__fini_array_start = .)
 *(SORT_BY_NAME(.fini_array.*))
 *(.fini_array*)
 .fini_array    0x0000000008008dd0        0x4 /home/liam/st/stm32cubeide_1.10.0/plugins/com.st.stm32cube.ide.mcu.externaltools.gnu-tools-for-stm32.10.3-2021.10.linux64_1.0.0.202111181127/tools/bin/../lib/gcc/arm-none-eabi/10.3.1/thumb/v7e-m+fp/hard/crtbegin.o
                [!provide]                        PROVIDE (__fini_array_end = .)
                0x0000000008008dd4                . = ALIGN (0x4)
                0x0000000008008dd4                _sidata = LOADADDR (.data)

.data           0x0000000020000000      0x164 load address 0x0000000008008dd4
                0x0000000020000000                . = ALIGN (0x4)
                0x0000000020000000                _sdata = .
 *(.data)
 *(.data*)
 .data.lastSample
                0x0000000020000000        0x2 ./Core/Src/main.o
                0x0000000020000000                lastSample
 *fill*         0x0000000020000002        0x2 
 .data.SystemCoreClock
                0x0000000020000004        0x4 ./Core/Src/system_stm32f4xx.o
                0x0000000020000004                SystemCoreClock
 .data.uwTickFreq
                0x0000000020000008        0x1 ./Drivers/STM32F4xx_HAL_Driver/Src/stm32f4xx_hal.o
                0x0000000020000008                uwTickFreq
 *fill*         0x0000000020000009        0x3 
 .data.uwTickPrio
                0x000000002000000c        0x4 ./Drivers/STM32F4xx_HAL_Driver/Src/stm32f4xx_hal.o
                0x000000002000000c                uwTickPrio
 .data.Stat     0x0000000020000010        0x1 ./FATFS/Target/sd_diskio.o
 *fill*         0x0000000020000011        0x3 
 .data.USBD_CDC
                0x0000000020000014       0x38 ./Middlewares/ST/STM32_USB_Device_Library/Class/CDC/Src/usbd_cdc.o
                0x0000000020000014                USBD_CDC
 .data.USBD_CDC_CfgDesc
                0x000000002000004c       0x43 ./Middlewares/ST/STM32_USB_Device_Library/Class/CDC/Src/usbd_cdc.o
 *fill*         0x000000002000008f        0x1 
 .data.USBD_CDC_DeviceQualifierDesc
                0x0000000020000090        0xa ./Middlewares/ST/STM32_USB_Device_Library/Class/CDC/Src/usbd_cdc.o
 *fill*         0x000000002000009a        0x2 
 .data.USBD_Interface_fops_FS
                0x000000002000009c       0x14 ./USB_DEVICE/App/usbd_cdc_if.o
                0x000000002000009c                USBD_Interface_fops_FS
 .data.FS_Desc  0x00000000200000b0       0x1c ./USB_DEVICE/App/usbd_desc.o
                0x00000000200000b0                FS_Desc
 .data.USBD_FS_DeviceDesc
                0x00000000200000cc       0x12 ./USB_DEVICE/App/usbd_desc.o
                0x00000000200000cc                USBD_FS_DeviceDesc
 *fill*         0x00000000200000de        0x2 
 .data.USBD_LangIDDesc
                0x00000000200000e0        0x4 ./USB_DEVICE/App/usbd_desc.o
                0x00000000200000e0                USBD_LangIDDesc
 .data.USBD_StringSerial
                0x00000000200000e4       0x1a ./USB_DEVICE/App/usbd_desc.o
                0x00000000200000e4                USBD_StringSerial
 *fill*         0x00000000200000fe        0x2 
 .data._impure_ptr
                0x0000000020000100        0x4 /home/liam/st/stm32cubeide_1.10.0/plugins/com.st.stm32cube.ide.mcu.externaltools.gnu-tools-for-stm32.10.3-2021.10.linux64_1.0.0.202111181127/tools/bin/../lib/gcc/arm-none-eabi/10.3.1/../../../../arm-none-eabi/lib/thumb/v7e-m+fp/hard/libc_nano.a(lib_a-impure.o)
                0x0000000020000100                _impure_ptr
 .data.impure_data
                0x0000000020000104       0x60 /home/liam/st/stm32cubeide_1.10.0/plugins/com.st.stm32cube.ide.mcu.externaltools.gnu-tools-for-stm32.10.3-2021.10.linux64_1.0.0.202111181127/tools/bin/../lib/gcc/arm-none-eabi/10.3.1/../../../../arm-none-eabi/lib/thumb/v7e-m+fp/hard/libc_nano.a(lib_a-impure.o)
 *(.RamFunc)
 *(.RamFunc*)
                0x0000000020000164                . = ALIGN (0x4)
                0x0000000020000164                _edata = .
                0x0000000008008f38                _siccmram = LOADADDR (.ccmram)

.igot.plt       0x0000000020000164        0x0 load address 0x0000000008008f38
 .igot.plt      0x0000000020000164        0x0 /home/liam/st/stm32cubeide_1.10.0/plugins/com.st.stm32cube.ide.mcu.externaltools.gnu-tools-for-stm32.10.3-2021.10.linux64_1.0.0.202111181127/tools/bin/../lib/gcc/arm-none-eabi/10.3.1/thumb/v7e-m+fp/hard/crtbegin.o

.ccmram         0x0000000010000000        0x0 load address 0x0000000008008f38
                0x0000000010000000                . = ALIGN (0x4)
                0x0000000010000000                _sccmram = .
 *(.ccmram)
 *(.ccmram*)
                0x0000000010000000                . = ALIGN (0x4)
                0x0000000010000000                _eccmram = .
                0x0000000010000000                . = ALIGN (0x4)

.bss            0x0000000020000164    0x125e8
                0x0000000020000164                _sbss = .
                0x0000000020000164                __bss_start__ = _sbss
 *(.bss)
 .bss           0x0000000020000164       0x1c /home/liam/st/stm32cubeide_1.10.0/plugins/com.st.stm32cube.ide.mcu.externaltools.gnu-tools-for-stm32.10.3-2021.10.linux64_1.0.0.202111181127/tools/bin/../lib/gcc/arm-none-eabi/10.3.1/thumb/v7e-m+fp/hard/crtbegin.o
 *(.bss*)
 .bss.bigBuffer
                0x0000000020000180     0xf000 ./Core/Src/main.o
                0x0000000020000180                bigBuffer
 .bss.bigBufferIndex
                0x000000002000f180        0x4 ./Core/Src/main.o
                0x000000002000f180                bigBufferIndex
 .bss.firstBlock
                0x000000002000f184        0x1 ./Core/Src/main.o
                0x000000002000f184                firstBlock
 *fill*         0x000000002000f185        0x3 
 .bss.hadc1     0x000000002000f188       0x48 ./Core/Src/main.o
                0x000000002000f188                hadc1
 .bss.hdma_adc1
                0x000000002000f1d0       0x60 ./Core/Src/main.o
                0x000000002000f1d0                hdma_adc1
 .bss.hsd       0x000000002000f230       0x84 ./Core/Src/main.o
                0x000000002000f230                hsd
 .bss.innerStateNow
                0x000000002000f2b4        0x1 ./Core/Src/main.o
                0x000000002000f2b4                innerStateNow
 *fill*         0x000000002000f2b5        0x3 
 .bss.littleBuffer
                0x000000002000f2b8     0x1800 ./Core/Src/main.o
                0x000000002000f2b8                littleBuffer
 .bss.onePoleState
                0x0000000020010ab8       0x28 ./Core/Src/main.o
                0x0000000020010ab8                onePoleState
 .bss.operatingBlock
                0x0000000020010ae0        0x4 ./Core/Src/main.o
                0x0000000020010ae0                operatingBlock
 .bss.sample    0x0000000020010ae4        0x2 ./Core/Src/main.o
                0x0000000020010ae4                sample
 *fill*         0x0000000020010ae6        0x2 
 .bss.samplesSincePPS
                0x0000000020010ae8        0x4 ./Core/Src/main.o
                0x0000000020010ae8                samplesSincePPS
 .bss.stateNow  0x0000000020010aec        0x1 ./Core/Src/main.o
                0x0000000020010aec                stateNow
 *fill*         0x0000000020010aed        0x3 
 .bss.__sbrk_heap_end
                0x0000000020010af0        0x4 ./Core/Src/sysmem.o
 .bss.uwTick    0x0000000020010af4        0x4 ./Drivers/STM32F4xx_HAL_Driver/Src/stm32f4xx_hal.o
                0x0000000020010af4                uwTick
 .bss.SDPath    0x0000000020010af8        0x4 ./FATFS/App/fatfs.o
                0x0000000020010af8                SDPath
 .bss.retSD     0x0000000020010afc        0x1 ./FATFS/App/fatfs.o
                0x0000000020010afc                retSD
 .bss.cfgidx.0  0x0000000020010afd        0x1 ./Middlewares/ST/STM32_USB_Device_Library/Core/Src/usbd_ctlreq.o
 *fill*         0x0000000020010afe        0x2 
 .bss.FatFs     0x0000000020010b00        0x4 ./Middlewares/Third_Party/FatFs/src/ff.o
 .bss.Files     0x0000000020010b04       0x20 ./Middlewares/Third_Party/FatFs/src/ff.o
 .bss.Fsid      0x0000000020010b24        0x2 ./Middlewares/Third_Party/FatFs/src/ff.o
 *fill*         0x0000000020010b26        0x2 
 .bss.disk      0x0000000020010b28        0xc ./Middlewares/Third_Party/FatFs/src/ff_gen_drv.o
                0x0000000020010b28                disk
 .bss.hUsbDeviceFS
                0x0000000020010b34      0x2dc ./USB_DEVICE/App/usb_device.o
                0x0000000020010b34                hUsbDeviceFS
 .bss.UserRxBufferFS
                0x0000000020010e10      0x800 ./USB_DEVICE/App/usbd_cdc_if.o
                0x0000000020010e10                UserRxBufferFS
 .bss.UserTxBufferFS
                0x0000000020011610      0x800 ./USB_DEVICE/App/usbd_cdc_if.o
                0x0000000020011610                UserTxBufferFS
 .bss.USBD_StrDesc
                0x0000000020011e10      0x200 ./USB_DEVICE/App/usbd_desc.o
                0x0000000020011e10                USBD_StrDesc
 .bss.hpcd_USB_OTG_FS
                0x0000000020012010      0x50c ./USB_DEVICE/Target/usbd_conf.o
                0x0000000020012010                hpcd_USB_OTG_FS
 .bss.mem.0     0x000000002001251c      0x220 ./USB_DEVICE/Target/usbd_conf.o
 .bss.__malloc_free_list
                0x000000002001273c        0x4 /home/liam/st/stm32cubeide_1.10.0/plugins/com.st.stm32cube.ide.mcu.externaltools.gnu-tools-for-stm32.10.3-2021.10.linux64_1.0.0.202111181127/tools/bin/../lib/gcc/arm-none-eabi/10.3.1/../../../../arm-none-eabi/lib/thumb/v7e-m+fp/hard/libc_nano.a(lib_a-nano-mallocr.o)
                0x000000002001273c                __malloc_free_list
 .bss.__malloc_sbrk_start
                0x0000000020012740        0x4 /home/liam/st/stm32cubeide_1.10.0/plugins/com.st.stm32cube.ide.mcu.externaltools.gnu-tools-for-stm32.10.3-2021.10.linux64_1.0.0.202111181127/tools/bin/../lib/gcc/arm-none-eabi/10.3.1/../../../../arm-none-eabi/lib/thumb/v7e-m+fp/hard/libc_nano.a(lib_a-nano-mallocr.o)
                0x0000000020012740                __malloc_sbrk_start
 .bss.errno     0x0000000020012744        0x4 /home/liam/st/stm32cubeide_1.10.0/plugins/com.st.stm32cube.ide.mcu.externaltools.gnu-tools-for-stm32.10.3-2021.10.linux64_1.0.0.202111181127/tools/bin/../lib/gcc/arm-none-eabi/10.3.1/../../../../arm-none-eabi/lib/thumb/v7e-m+fp/hard/libc_nano.a(lib_a-reent.o)
                0x0000000020012744                errno
 .bss.__lock___malloc_recursive_mutex
                0x0000000020012748        0x1 /home/liam/st/stm32cubeide_1.10.0/plugins/com.st.stm32cube.ide.mcu.externaltools.gnu-tools-for-stm32.10.3-2021.10.linux64_1.0.0.202111181127/tools/bin/../lib/gcc/arm-none-eabi/10.3.1/../../../../arm-none-eabi/lib/thumb/v7e-m+fp/hard/libc_nano.a(lib_a-lock.o)
                0x0000000020012748                __lock___malloc_recursive_mutex
 *(COMMON)
                0x000000002001274c                . = ALIGN (0x4)
 *fill*         0x0000000020012749        0x3 
                0x000000002001274c                _ebss = .
                0x000000002001274c                __bss_end__ = _ebss

._user_heap_stack
                0x000000002001274c      0x604